Archive member included to satisfy reference by file (symbol)

build/cooja/mtype494.a(simEnvChange.o)
                              build/cooja/mtype494.o (simDontFallAsleep)
build/cooja/mtype494.a(cooja_mt.o)
                              build/cooja/mtype494.o (cooja_mt_start)
build/cooja/mtype494.a(cooja_mtarch.o)
                              build/cooja/mtype494.a(cooja_mt.o) (cooja_mtarch_start)
build/cooja/mtype494.a(rtimer-arch.o)
                              build/cooja/mtype494.o (rtimer_arch_check)
build/cooja/mtype494.a(beep.o)
                              build/cooja/mtype494.o (beep_interface)
build/cooja/mtype494.a(leds-arch.o)
                              build/cooja/mtype494.o (leds_interface)
build/cooja/mtype494.a(moteid.o)
                              build/cooja/mtype494.o (moteid_interface)
build/cooja/mtype494.a(pir-sensor.o)
                              build/cooja/mtype494.o (pir_interface)
build/cooja/mtype494.a(rs232.o)
                              build/cooja/mtype494.o (rs232_interface)
build/cooja/mtype494.a(vib-sensor.o)
                              build/cooja/mtype494.o (vib_interface)
build/cooja/mtype494.a(clock.o)
                              build/cooja/mtype494.o (clock_interface)
build/cooja/mtype494.a(cooja-log.o)
                              build/cooja/mtype494.o (simlog_interface)
build/cooja/mtype494.a(cfs-cooja.o)
                              build/cooja/mtype494.o (cfs_interface)
build/cooja/mtype494.a(cooja-radio.o)
                              build/cooja/mtype494.o (radio_interface)
build/cooja/mtype494.a(eeprom.o)
                              build/cooja/mtype494.o (eeprom_interface)
build/cooja/mtype494.a(random.o)
                              build/cooja/mtype494.a(moteid.o) (random_init)
build/cooja/mtype494.a(sensors.o)
                              build/cooja/mtype494.a(pir-sensor.o) (sensors_changed)
build/cooja/mtype494.a(leds.o)
                              device.o (leds_set)
build/cooja/mtype494.a(gpio-hal-arch.o)
                              build/cooja/mtype494.a(leds-arch.o) (gpio_hal_arch_register_pin_callback)
build/cooja/mtype494.a(buttons.o)
                              build/cooja/mtype494.o (button_interface)
build/cooja/mtype494.a(cooling.o)
                              device.o (cooling)
build/cooja/mtype494.a(thermostat.o)
                              device.o (thermostat)
build/cooja/mtype494.a(coap-blocking-a)
                              device.o (coap_blocking_request)
build/cooja/mtype494.a(coap-engine.o)
                              device.o (coap_activate_resource)
build/cooja/mtype494.a(coap-res-well-k)
                              build/cooja/mtype494.a(coap-engine.o) (res_well_known_core)
build/cooja/mtype494.a(coap-observe.o)
                              build/cooja/mtype494.a(coap-engine.o) (coap_remove_observer_by_mid)
build/cooja/mtype494.a(coap-uip.o)
                              build/cooja/mtype494.a(coap-observe.o) (coap_endpoint_copy)
build/cooja/mtype494.a(coap-timer.o)
                              build/cooja/mtype494.a(coap-engine.o) (coap_timer_set)
build/cooja/mtype494.a(coap-transactio)
                              build/cooja/mtype494.a(coap-blocking-a) (coap_send_transaction)
build/cooja/mtype494.a(coap.o)
                              build/cooja/mtype494.a(coap-engine.o) (coap_status_code)
build/cooja/mtype494.a(contiki-main.o)
                              build/cooja/mtype494.o (main)
build/cooja/mtype494.a(autostart.o)
                              build/cooja/mtype494.a(contiki-main.o) (autostart_start)
build/cooja/mtype494.a(ctimer.o)
                              build/cooja/mtype494.a(contiki-main.o) (ctimer_init)
build/cooja/mtype494.a(log.o)
                              build/cooja/mtype494.a(contiki-main.o) (curr_log_level_main)
build/cooja/mtype494.a(energest.o)
                              build/cooja/mtype494.a(contiki-main.o) (energest_init)
build/cooja/mtype494.a(etimer.o)
                              build/cooja/mtype494.a(contiki-main.o) (etimer_process)
build/cooja/mtype494.a(node-id.o)
                              build/cooja/mtype494.a(contiki-main.o) (node_id)
build/cooja/mtype494.a(rtimer.o)
                              build/cooja/mtype494.a(contiki-main.o) (rtimer_init)
build/cooja/mtype494.a(process.o)
                              build/cooja/mtype494.a(coap-blocking-a) (process_current)
build/cooja/mtype494.a(timer.o)
                              build/cooja/mtype494.a(etimer.o) (timer_set)
build/cooja/mtype494.a(list.o)
                              build/cooja/mtype494.a(coap-engine.o) (list_init)
build/cooja/mtype494.a(memb.o)
                              build/cooja/mtype494.a(coap-observe.o) (memb_alloc)
build/cooja/mtype494.a(button-hal.o)
                              build/cooja/mtype494.o (button_hal_init)
build/cooja/mtype494.a(serial-line.o)
                              build/cooja/mtype494.a(rs232.o) (serial_line_input_byte)
[...]
Memory Configuration

Name             Origin             Length             Attributes
*default*        0x0000000000000000 0xffffffffffffffff

Linker script and memory map

LOAD /usr/lib/gcc/i686-linux-gnu/5/../../../i386-linux-gnu/crti.o
LOAD /usr/lib/gcc/i686-linux-gnu/5/crtbeginS.o
LOAD device.o
LOAD build/cooja/mtype494.o
LOAD build/cooja/mtype494.a
LOAD /usr/lib/gcc/i686-linux-gnu/5/libgcc.a
LOAD /usr/lib/gcc/i686-linux-gnu/5/libgcc_s.so
LOAD /usr/lib/gcc/i686-linux-gnu/5/../../../i386-linux-gnu/libc.so
START GROUP
LOAD /lib/i386-linux-gnu/libc.so.6
LOAD /usr/lib/i386-linux-gnu/libc_nonshared.a
LOAD /lib/i386-linux-gnu/ld-linux.so.2
END GROUP
LOAD /usr/lib/gcc/i686-linux-gnu/5/libgcc.a
LOAD /usr/lib/gcc/i686-linux-gnu/5/libgcc_s.so
LOAD /usr/lib/gcc/i686-linux-gnu/5/crtendS.o
LOAD /usr/lib/gcc/i686-linux-gnu/5/../../../i386-linux-gnu/crtn.o
                0x0000000000000114                . = (0x0 + SIZEOF_HEADERS)

.note.gnu.build-id
                0x0000000000000114       0x24
 *(.note.gnu.build-id)
 .note.gnu.build-id
                0x0000000000000114       0x24 /usr/lib/gcc/i686-linux-gnu/5/../../../i386-linux-gnu/crti.o

.hash
 *(.hash)

.gnu.hash       0x0000000000000138     0x159c
 *(.gnu.hash)
 .gnu.hash      0x0000000000000138     0x159c /usr/lib/gcc/i686-linux-gnu/5/../../../i386-linux-gnu/crti.o

.dynsym         0x00000000000016d4     0x2ef0
 *(.dynsym)
 .dynsym        0x00000000000016d4     0x2ef0 /usr/lib/gcc/i686-linux-gnu/5/../../../i386-linux-gnu/crti.o

.dynstr         0x00000000000045c4     0x369d
 *(.dynstr)
 .dynstr        0x00000000000045c4     0x369d /usr/lib/gcc/i686-linux-gnu/5/../../../i386-linux-gnu/crti.o

.gnu.version    0x0000000000007c62      0x5de
 *(.gnu.version)
 .gnu.version   0x0000000000007c62      0x5de /usr/lib/gcc/i686-linux-gnu/5/../../../i386-linux-gnu/crti.o

.gnu.version_d  0x0000000000008240        0x0
 *(.gnu.version_d)
 .gnu.version_d
                0x0000000000008240        0x0 /usr/lib/gcc/i686-linux-gnu/5/../../../i386-linux-gnu/crti.o

.gnu.version_r  0x0000000000008240       0x40
 *(.gnu.version_r)
 .gnu.version_r
                0x0000000000008240       0x40 /usr/lib/gcc/i686-linux-gnu/5/../../../i386-linux-gnu/crti.o

.rel.dyn        0x0000000000008280     0x9390
 *(.rel.init)
 .rel.init      0x0000000000008280        0x0 /usr/lib/gcc/i686-linux-gnu/5/../../../i386-linux-gnu/crti.o
 *(.rel.text .rel.text.* .rel.gnu.linkonce.t.*)
 .rel.text      0x0000000000008280     0x89c0 /usr/lib/gcc/i686-linux-gnu/5/../../../i386-linux-gnu/crti.o
 *(.rel.fini)
 .rel.fini      0x0000000000010c40        0x0 /usr/lib/gcc/i686-linux-gnu/5/../../../i386-linux-gnu/crti.o
 *(.rel.rodata .rel.rodata.* .rel.gnu.linkonce.r.*)
 .rel.rodata    0x0000000000010c40      0x588 /usr/lib/gcc/i686-linux-gnu/5/../../../i386-linux-gnu/crti.o
 *(.rel.data.rel.ro .rel.data.rel.ro.* .rel.gnu.linkonce.d.rel.ro.*)
 *(.rel.data .rel.data.* .rel.gnu.linkonce.d.*)
 .rel.data.rel.local
                0x00000000000111c8        0x8 /usr/lib/gcc/i686-linux-gnu/5/../../../i386-linux-gnu/crti.o
 .rel.data      0x00000000000111d0      0x408 /usr/lib/gcc/i686-linux-gnu/5/../../../i386-linux-gnu/crti.o
 *(.rel.tdata .rel.tdata.* .rel.gnu.linkonce.td.*)
 *(.rel.tbss .rel.tbss.* .rel.gnu.linkonce.tb.*)
 *(.rel.ctors)
 *(.rel.dtors)
 *(.rel.got)
 .rel.got       0x00000000000115d8       0x28 /usr/lib/gcc/i686-linux-gnu/5/../../../i386-linux-gnu/crti.o
 *(.rel.bss .rel.bss.* .rel.gnu.linkonce.b.*)
 *(.rel.ifunc)
 .rel.ifunc     0x0000000000011600        0x0 /usr/lib/gcc/i686-linux-gnu/5/../../../i386-linux-gnu/crti.o
 .rel.fini_array
                0x0000000000011600        0x8 /usr/lib/gcc/i686-linux-gnu/5/../../../i386-linux-gnu/crti.o
 .rel.init_array
                0x0000000000011608        0x8 /usr/lib/gcc/i686-linux-gnu/5/../../../i386-linux-gnu/crti.o

.rel.plt        0x0000000000011610        0x0
 *(.rel.plt)
 .rel.plt       0x0000000000011610        0x0 /usr/lib/gcc/i686-linux-gnu/5/../../../i386-linux-gnu/crti.o
 *(.rel.iplt)

.init           0x0000000000011610       0x23
 *(SORT(.init))
 .init          0x0000000000011610       0x1e /usr/lib/gcc/i686-linux-gnu/5/../../../i386-linux-gnu/crti.o
                0x0000000000011610                _init
 .init          0x000000000001162e        0x5 /usr/lib/gcc/i686-linux-gnu/5/../../../i386-linux-gnu/crtn.o

.plt            0x0000000000011640       0x10
 *(.plt)
 .plt           0x0000000000011640       0x10 /usr/lib/gcc/i686-linux-gnu/5/../../../i386-linux-gnu/crti.o
 *(.iplt)

.plt.got        0x0000000000011650       0x10
 *(.plt.got)
 .plt.got       0x0000000000011650       0x10 /usr/lib/gcc/i686-linux-gnu/5/../../../i386-linux-gnu/crti.o

.text           0x0000000000011660    0x18992
 *(.text.unlikely .text.*_unlikely .text.unlikely.*)
 .text.unlikely
                0x0000000000011660        0x0 /usr/lib/gcc/i686-linux-gnu/5/crtbeginS.o
 .text.unlikely
                0x0000000000011660        0x0 /usr/lib/gcc/i686-linux-gnu/5/libgcc.a(_udivdi3.o)
 *(.text.exit .text.exit.*)
 *(.text.startup .text.startup.*)
 *(.text.hot .text.hot.*)
 *(.text .stub .text.* .gnu.linkonce.t.*)
 .text          0x0000000000011660        0x0 /usr/lib/gcc/i686-linux-gnu/5/../../../i386-linux-gnu/crti.o
 .gnu.linkonce.t.__x86.get_pc_thunk.bx
                0x0000000000011660        0x4 /usr/lib/gcc/i686-linux-gnu/5/../../../i386-linux-gnu/crti.o
                0x0000000000011660                __x86.get_pc_thunk.bx
 *fill*         0x0000000000011664        0xc 
 .text          0x0000000000011670      0x11c /usr/lib/gcc/i686-linux-gnu/5/crtbeginS.o
 .text.__x86.get_pc_thunk.dx
                0x000000000001178c        0x4 /usr/lib/gcc/i686-linux-gnu/5/crtbeginS.o
                0x000000000001178c                __x86.get_pc_thunk.dx
 .text          0x0000000000011790      0x2b8 device.o
                0x0000000000011790                client_chunk_handler
 .text          0x0000000000011a48      0x283 build/cooja/mtype494.o
                0x0000000000011ada                platform_init_stage_one
                0x0000000000011aed                platform_init_stage_two
                0x0000000000011b00                platform_init_stage_three
                0x0000000000011b13                platform_main_loop
                0x0000000000011b86                Java_org_contikios_cooja_corecomm_Lib2_init
                0x0000000000011bbd                Java_org_contikios_cooja_corecomm_Lib2_getMemory
                0x0000000000011bf0                Java_org_contikios_cooja_corecomm_Lib2_setMemory
                0x0000000000011c50                Java_org_contikios_cooja_corecomm_Lib2_tick
                0x0000000000011cb8                Java_org_contikios_cooja_corecomm_Lib2_setReferenceAddress
 .text          0x0000000000011ccb       0x65 build/cooja/mtype494.a(simEnvChange.o)
                0x0000000000011ccb                doActionsBeforeTick
                0x0000000000011cfd                doActionsAfterTick
 .text          0x0000000000011d30       0x83 build/cooja/mtype494.a(cooja_mt.o)
                0x0000000000011d30                cooja_mt_start
                0x0000000000011d5a                cooja_mt_exec
                0x0000000000011d90                cooja_mt_yield
 .text          0x0000000000011db3       0xbe build/cooja/mtype494.a(cooja_mtarch.o)
                0x0000000000011db3                cooja_mtarch_start
                0x0000000000011e26                cooja_sw
                0x0000000000011e49                cooja_mtarch_exec
                0x0000000000011e66                cooja_mtarch_yield
 .text          0x0000000000011e71       0xc5 build/cooja/mtype494.a(rtimer-arch.o)
                0x0000000000011e71                rtimer_arch_init
                0x0000000000011e95                rtimer_arch_schedule
                0x0000000000011ec5                rtimer_arch_next
                0x0000000000011ed5                rtimer_arch_pending
                0x0000000000011edf                rtimer_arch_check
                0x0000000000011f26                rtimer_arch_now
 .text          0x0000000000011f36       0x81 build/cooja/mtype494.a(beep.o)
                0x0000000000011f36                beep_alarm
                0x0000000000011f43                beep_beep
                0x0000000000011f50                beep
                0x0000000000011f5d                beep_down
                0x0000000000011f6a                beep_on
                0x0000000000011f77                beep_off
                0x0000000000011f84                beep_spinup
                0x0000000000011f91                beep_quick
                0x0000000000011f9e                beep_long
 .text          0x0000000000011fb7       0x65 build/cooja/mtype494.a(leds-arch.o)
                0x0000000000011fca                leds_arch_init
 .text          0x000000000001201c       0x35 build/cooja/mtype494.a(moteid.o)
 .text          0x0000000000012051       0xb7 build/cooja/mtype494.a(pir-sensor.o)
 .text          0x0000000000012108      0x148 build/cooja/mtype494.a(rs232.o)
                0x0000000000012108                rs232_init
                0x000000000001210e                rs232_set_speed
                0x000000000001211d                rs232_set_input
                0x000000000001212b                rs232_send
                0x000000000001214f                rs232_print
                0x000000000001216b                slip_arch_writeb
 .text          0x0000000000012250       0xb7 build/cooja/mtype494.a(vib-sensor.o)
 .text          0x0000000000012307       0x38 build/cooja/mtype494.a(clock.o)
                0x0000000000012307                clock_init
                0x000000000001230d                clock_time
                0x0000000000012317                clock_seconds
                0x000000000001232d                clock_delay
 .text          0x000000000001233f      0x219 build/cooja/mtype494.a(cooja-log.o)
                0x000000000001233f                simlog_char
                0x0000000000012382                simlog
                0x00000000000123f8                log_message
                0x0000000000012429                log_set_putchar_with_slip
                0x0000000000012437                log_putchar
                0x00000000000124b2                log_puts
                0x00000000000124da                log_printf
 .text          0x0000000000012558      0x2b9 build/cooja/mtype494.a(cfs-cooja.o)
                0x0000000000012558                cfs_open
                0x00000000000125c1                cfs_close
                0x00000000000125ce                cfs_read
                0x0000000000012663                cfs_write
                0x000000000001273f                cfs_seek
                0x00000000000127c7                cfs_remove
                0x00000000000127eb                cfs_opendir
                0x00000000000127f5                cfs_readdir
                0x00000000000127ff                cfs_closedir
 .text          0x0000000000012811      0x620 build/cooja/mtype494.a(cooja-radio.o)
                0x0000000000012853                radio_set_channel
                0x0000000000012861                radio_set_txpower
                0x0000000000012879                radio_signal_strength_last
                0x0000000000012883                radio_signal_strength_current
                0x000000000001288d                radio_LQI
 .text          0x0000000000012e31       0xee build/cooja/mtype494.a(eeprom.o)
                0x0000000000012e31                eeprom_init
                0x0000000000012e37                eeprom_read
                0x0000000000012ea5                eeprom_write
 .text          0x0000000000012f1f       0x2d build/cooja/mtype494.a(random.o)
                0x0000000000012f1f                random_init
                0x0000000000012f3f                random_rand
 .text          0x0000000000012f4c      0x29c build/cooja/mtype494.a(sensors.o)
                0x0000000000012f87                sensors_first
                0x0000000000012f91                sensors_next
                0x0000000000012fab                sensors_changed
                0x0000000000012fdf                sensors_find
 .text          0x00000000000131e8      0x349 build/cooja/mtype494.a(leds.o)
                0x00000000000131e8                leds_init
                0x000000000001322f                leds_single_on
                0x000000000001328e                leds_single_off
                0x00000000000132ed                leds_single_toggle
                0x000000000001331f                leds_on
                0x00000000000133a1                leds_off
                0x0000000000013423                leds_toggle
                0x0000000000013478                leds_set
                0x00000000000134a4                leds_get
 .text          0x0000000000013531      0x343 build/cooja/mtype494.a(gpio-hal-arch.o)
                0x0000000000013531                gpio_hal_arch_register_pin_callback
                0x000000000001359d                gpio_hal_arch_init
                0x00000000000135e2                gpio_hal_arch_no_port_interrupt_enable
                0x0000000000013612                gpio_hal_arch_no_port_interrupt_disable
                0x0000000000013642                gpio_hal_arch_no_port_pin_cfg_set
                0x0000000000013667                gpio_hal_arch_no_port_pin_cfg_get
                0x000000000001368d                gpio_hal_arch_no_port_pin_set_input
                0x000000000001369f                gpio_hal_arch_no_port_pin_set_output
                0x00000000000136b1                gpio_hal_arch_no_port_set_pin
                0x00000000000136d2                gpio_hal_arch_no_port_clear_pin
                0x00000000000136f3                gpio_hal_arch_no_port_read_pin
                0x0000000000013719                gpio_hal_arch_no_port_write_pin
                0x0000000000013743                gpio_hal_arch_no_port_set_pins
                0x000000000001378a                gpio_hal_arch_no_port_clear_pins
                0x00000000000137d1                gpio_hal_arch_no_port_read_pins
                0x0000000000013814                gpio_hal_arch_no_port_write_pins
 .text          0x0000000000013874       0x89 build/cooja/mtype494.a(buttons.o)
 .text          0x00000000000138fd      0x38f build/cooja/mtype494.a(cooling.o)
 .text          0x0000000000013c8c      0x294 build/cooja/mtype494.a(thermostat.o)
                0x0000000000013c8c                generate_random_temperature
 .text          0x0000000000013f20      0x27b build/cooja/mtype494.a(coap-blocking-a)
                0x0000000000013f20                coap_blocking_request_callback
                0x0000000000013f4a                coap_blocking_request
 .text          0x000000000001419b      0xbea build/cooja/mtype494.a(coap-engine.o)
                0x0000000000014230                coap_add_handler
                0x000000000001424d                coap_remove_handler
                0x000000000001426a                coap_call_handlers
                0x0000000000014372                coap_receive
                0x000000000001496d                coap_engine_init
                0x00000000000149cb                coap_activate_resource
                0x0000000000014a76                coap_get_first_resource
                0x0000000000014a8f                coap_get_next_resource
 .text          0x0000000000014d85      0x2d9 build/cooja/mtype494.a(coap-res-well-k)
 .text          0x000000000001505e      0x96a build/cooja/mtype494.a(coap-observe.o)
                0x0000000000015173                coap_remove_observer
                0x00000000000151a3                coap_remove_observer_by_client
                0x000000000001520b                coap_remove_observer_by_token
                0x000000000001529e                coap_remove_observer_by_uri
                0x0000000000015345                coap_remove_observer_by_mid
                0x00000000000153c1                coap_notify_observers
                0x00000000000153da                coap_notify_observers_sub
                0x0000000000015844                coap_observe_handler
                0x000000000001595f                coap_has_observers
 .text          0x00000000000159c8      0x733 build/cooja/mtype494.a(coap-uip.o)
                0x00000000000159c8                coap_endpoint_log
                0x0000000000015a4e                coap_endpoint_print
                0x0000000000015ad4                coap_endpoint_snprint
                0x0000000000015c07                coap_endpoint_copy
                0x0000000000015c44                coap_endpoint_cmp
                0x0000000000015d52                coap_endpoint_parse
                0x0000000000015f3d                coap_endpoint_is_secure
                0x0000000000015f4c                coap_endpoint_is_connected
                0x0000000000015f80                coap_endpoint_connect
                0x0000000000015f9c                coap_endpoint_disconnect
                0x0000000000015fa2                coap_databuf
                0x0000000000015fac                coap_transport_init
                0x0000000000015ffc                coap_sendto
 .text          0x00000000000160fb      0x324 build/cooja/mtype494.a(coap-timer.o)
                0x00000000000161f8                coap_timer_stop
                0x0000000000016223                coap_timer_set
                0x0000000000016266                coap_timer_reset
                0x00000000000162a9                coap_timer_time_to_next_expiration
                0x0000000000016315                coap_timer_run
                0x00000000000163e1                coap_timer_init
 .text          0x000000000001641f      0x2c6 build/cooja/mtype494.a(coap-transactio)
                0x0000000000016485                coap_new_transaction
                0x00000000000164eb                coap_send_transaction
                0x000000000001664c                coap_clear_transaction
                0x0000000000016694                coap_get_transaction_by_mid
 .text          0x00000000000166e5     0x1c53 build/cooja/mtype494.a(coap.o)
                0x0000000000016c52                coap_init_connection
                0x0000000000016c66                coap_get_mid
                0x0000000000016c82                coap_init_message
                0x0000000000016ccb                coap_serialize_message
                0x000000000001734d                coap_parse_message
                0x00000000000179b4                coap_get_query_variable
                0x00000000000179f6                coap_get_post_variable
                0x0000000000017a3a                coap_set_status_code
                0x0000000000017a5f                coap_set_token
                0x0000000000017aa6                coap_get_header_content_format
                0x0000000000017ad7                coap_set_header_content_format
                0x0000000000017afa                coap_get_header_accept
                0x0000000000017b2b                coap_set_header_accept
                0x0000000000017b4e                coap_get_header_max_age
                0x0000000000017b7f                coap_set_header_max_age
                0x0000000000017b9f                coap_get_header_etag
                0x0000000000017bd1                coap_set_header_etag
                0x0000000000017c28                coap_get_header_if_match
                0x0000000000017c5a                coap_set_header_if_match
                0x0000000000017cb1                coap_get_header_if_none_match
                0x0000000000017ccb                coap_set_header_if_none_match
                0x0000000000017ce2                coap_get_header_proxy_uri
                0x0000000000017d10                coap_set_header_proxy_uri
                0x0000000000017d4d                coap_get_header_uri_host
                0x0000000000017d7b                coap_set_header_uri_host
                0x0000000000017db8                coap_get_header_uri_path
                0x0000000000017de6                coap_set_header_uri_path
                0x0000000000017e33                coap_get_header_uri_query
                0x0000000000017e67                coap_set_header_uri_query
                0x0000000000017ebd                coap_get_header_location_path
                0x0000000000017eeb                coap_set_header_location_path
                0x0000000000017f84                coap_get_header_location_query
                0x0000000000017fb2                coap_set_header_location_query
                0x0000000000017fff                coap_get_header_observe
                0x000000000001802e                coap_set_header_observe
                0x000000000001804e                coap_get_header_block2
                0x00000000000180ba                coap_set_header_block2
                0x0000000000018131                coap_get_header_block1
                0x00000000000181a6                coap_set_header_block1
                0x0000000000018221                coap_get_header_size2
                0x0000000000018251                coap_set_header_size2
                0x0000000000018274                coap_get_header_size1
                0x00000000000182a4                coap_set_header_size1
                0x00000000000182c7                coap_get_payload
                0x0000000000018301                coap_set_payload
 .text          0x0000000000018338      0x332 build/cooja/mtype494.a(contiki-main.o)
                0x0000000000018338                main
 .text          0x000000000001866a       0x92 build/cooja/mtype494.a(autostart.o)
                0x000000000001866a                autostart_start
                0x00000000000186b4                autostart_exit
 .text          0x00000000000186fc      0x355 build/cooja/mtype494.a(ctimer.o)
                0x0000000000018824                ctimer_init
                0x0000000000018857                ctimer_set
                0x000000000001887d                ctimer_set_with_process
                0x00000000000188fa                ctimer_reset
                0x000000000001894e                ctimer_restart
                0x00000000000189a2                ctimer_stop
                0x00000000000189f2                ctimer_expired
 .text          0x0000000000018a51      0x394 build/cooja/mtype494.a(log.o)
                0x0000000000018a51                log_6addr
                0x0000000000018aa4                log_6addr_compact_snprint
                0x0000000000018b42                log_6addr_compact
                0x0000000000018b95                log_lladdr
                0x0000000000018c07                log_lladdr_compact
                0x0000000000018c6f                log_set_level
                0x0000000000018d2a                log_get_level
                0x0000000000018da3                log_level_to_str
 .text          0x0000000000018de5       0x1b build/cooja/mtype494.a(energest.o)
                0x0000000000018de5                energest_init
                0x0000000000018deb                energest_flush
                0x0000000000018df1                energest_get_total_time
 .text          0x0000000000018e00      0x43f build/cooja/mtype494.a(etimer.o)
                0x0000000000019024                etimer_request_poll
                0x00000000000190ad                etimer_set
                0x00000000000190d6                etimer_reset_with_new_interval
                0x0000000000019105                etimer_reset
                0x000000000001912b                etimer_restart
                0x0000000000019151                etimer_adjust
                0x000000000001916e                etimer_expired
                0x0000000000019181                etimer_expiration_time
                0x0000000000019193                etimer_start_time
                0x000000000001919d                etimer_pending
                0x00000000000191af                etimer_next_expiration_time
                0x00000000000191c9                etimer_stop
 .text          0x000000000001923f       0x25 build/cooja/mtype494.a(node-id.o)
                0x000000000001923f                node_id_init
 .text          0x0000000000019264       0xeb build/cooja/mtype494.a(rtimer.o)
                0x0000000000019264                rtimer_init
                0x0000000000019272                rtimer_set
                0x00000000000192ed                rtimer_run_next
 .text          0x000000000001934f      0x4fb build/cooja/mtype494.a(process.o)
                0x000000000001934f                process_alloc_event
                0x0000000000019364                process_start
                0x000000000001953e                process_exit
                0x000000000001955b                process_init
                0x00000000000196f0                process_run
                0x0000000000019723                process_nevents
                0x000000000001973e                process_post
                0x00000000000197d1                process_post_synch
                0x0000000000019806                process_poll
                0x0000000000019836                process_is_running
 .text          0x000000000001984a       0xb1 build/cooja/mtype494.a(timer.o)
                0x000000000001984a                timer_set
                0x0000000000019868                timer_reset
                0x0000000000019895                timer_restart
                0x00000000000198aa                timer_expired
                0x00000000000198d7                timer_remaining
 .text          0x00000000000198fb      0x28f build/cooja/mtype494.a(list.o)
                0x00000000000198fb                list_init
                0x000000000001990a                list_head
                0x0000000000019914                list_copy
                0x0000000000019924                list_tail
                0x000000000001995a                list_add
                0x00000000000199a6                list_push
                0x00000000000199d2                list_chop
                0x0000000000019a3c                list_pop
                0x0000000000019a64                list_remove
                0x0000000000019acc                list_length
                0x0000000000019afa                list_insert
                0x0000000000019b3f                list_item_next
                0x0000000000019b56                list_contains
 .text          0x0000000000019b8a      0x1b5 build/cooja/mtype494.a(memb.o)
                0x0000000000019b8a                memb_init
                0x0000000000019bdf                memb_alloc
                0x0000000000019c42                memb_free
                0x0000000000019cb9                memb_inmemb
                0x0000000000019cf8                memb_numfree
 .text          0x0000000000019d3f      0x41c build/cooja/mtype494.a(button-hal.o)
                0x0000000000019eb8                button_hal_get_by_id
                0x0000000000019ef6                button_hal_get_by_index
                0x0000000000019f22                button_hal_get_state
                0x0000000000019f74                button_hal_init
 .text          0x000000000001a15b      0x1f3 build/cooja/mtype494.a(serial-line.o)
                0x000000000001a15b                serial_line_input_byte
                0x000000000001a319                serial_line_init
 .text          0x000000000001a34e      0x168 build/cooja/mtype494.a(gpio-hal.o)
                0x000000000001a34e                gpio_hal_register_handler
                0x000000000001a36b                gpio_hal_event_handler
                0x000000000001a3c7                gpio_hal_init
                0x000000000001a3e6                gpio_hal_arch_port_toggle_pin
                0x000000000001a422                gpio_hal_arch_port_toggle_pins
                0x000000000001a450                gpio_hal_arch_no_port_toggle_pin
                0x000000000001a48e                gpio_hal_arch_no_port_toggle_pins
 .text          0x000000000001a4b6      0x2e7 build/cooja/mtype494.a(queuebuf.o)
                0x000000000001a4c0                queuebuf_init
                0x000000000001a4e9                queuebuf_numfree
                0x000000000001a501                queuebuf_new_from_packetbuf
                0x000000000001a5a0                queuebuf_update_attr_from_packetbuf
                0x000000000001a5d5                queuebuf_update_from_packetbuf
                0x000000000001a625                queuebuf_free
                0x000000000001a66e                queuebuf_to_packetbuf
                0x000000000001a6da                queuebuf_dataptr
                0x000000000001a714                queuebuf_datalen
                0x000000000001a737                queuebuf_addr
                0x000000000001a76c                queuebuf_attr
                0x000000000001a797                queuebuf_debug_print
 .text          0x000000000001a79d      0x407 build/cooja/mtype494.a(packetbuf.o)
                0x000000000001a79d                packetbuf_clear
                0x000000000001a7c8                packetbuf_copyfrom
                0x000000000001a817                packetbuf_copyto
                0x000000000001a8aa                packetbuf_hdralloc
                0x000000000001a926                packetbuf_hdrreduce
                0x000000000001a96c                packetbuf_set_datalen
                0x000000000001a986                packetbuf_dataptr
                0x000000000001a9a3                packetbuf_hdrptr
                0x000000000001a9ad                packetbuf_datalen
                0x000000000001a9b9                packetbuf_hdrlen
                0x000000000001a9d0                packetbuf_totlen
                0x000000000001a9e6                packetbuf_remaininglen
                0x000000000001a9f9                packetbuf_attr_clear
                0x000000000001aa45                packetbuf_attr_copyto
                0x000000000001aa9d                packetbuf_attr_copyfrom
                0x000000000001aaf5                packetbuf_set_attr
                0x000000000001ab1f                packetbuf_attr
                0x000000000001ab39                packetbuf_set_addr
                0x000000000001ab6a                packetbuf_addr
                0x000000000001ab87                packetbuf_holds_broadcast
 .text          0x000000000001aba4       0xef build/cooja/mtype494.a(netstack.o)
                0x000000000001aba4                netstack_process_ip_callback
                0x000000000001ac35                netstack_ip_packet_processor_add
                0x000000000001ac58                uip_ds6_ip_packet_processor_rm
                0x000000000001ac75                netstack_init
 .text          0x000000000001ac93       0x4f build/cooja/mtype494.a(linkaddr.o)
                0x000000000001ac93                linkaddr_copy
                0x000000000001aca9                linkaddr_cmp
                0x000000000001accc                linkaddr_set_node_addr
 .text          0x000000000001ace2      0x1f6 build/cooja/mtype494.a(csma.o)
 .text          0x000000000001aed8      0x95d build/cooja/mtype494.a(csma-output.o)
                0x000000000001b56f                csma_output_packet
                0x000000000001b7fc                csma_output_init
 .text          0x000000000001b835      0xc11 build/cooja/mtype494.a(uip-ds6.o)
                0x000000000001b835                uip_ds6_default_prefix
                0x000000000001b83f                uip_ds6_set_default_prefix
                0x000000000001b86a                uip_ds6_init
                0x000000000001bacc                uip_ds6_periodic
                0x000000000001bb53                uip_ds6_list_loop
                0x000000000001bc13                uip_ds6_prefix_add
                0x000000000001bcbf                uip_ds6_prefix_rm
                0x000000000001bcd2                uip_ds6_prefix_lookup
                0x000000000001bd11                uip_ds6_is_addr_onlink
                0x000000000001bd84                uip_ds6_addr_add
                0x000000000001bea4                uip_ds6_addr_rm
                0x000000000001bf4d                uip_ds6_addr_lookup
                0x000000000001bf86                uip_ds6_get_link_local
                0x000000000001c007                uip_ds6_get_global
                0x000000000001c088                uip_ds6_maddr_add
                0x000000000001c0e8                uip_ds6_maddr_rm
                0x000000000001c0fb                uip_ds6_maddr_lookup
                0x000000000001c134                uip_ds6_aaddr_add
                0x000000000001c194                uip_ds6_aaddr_rm
                0x000000000001c1a7                uip_ds6_aaddr_lookup
                0x000000000001c1e0                uip_ds6_select_src
                0x000000000001c329                uip_ds6_set_addr_iid
                0x000000000001c354                uip_ds6_set_lladdr_from_iid
                0x000000000001c37d                get_match_length
                0x000000000001c40e                uip_ds6_compute_reachable_time
 .text          0x000000000001c446      0x128 build/cooja/mtype494.a(uip-udp-packet.)
                0x000000000001c446                uip_udp_packet_send
                0x000000000001c4a1                uip_udp_packet_sendto
 .text          0x000000000001c56e      0x35b build/cooja/mtype494.a(uip-ds6-route.o)
                0x000000000001c5bf                uip_ds6_route_init
                0x000000000001c5e9                uip_ds6_route_nexthop
                0x000000000001c5f3                uip_ds6_route_head
                0x000000000001c5fd                uip_ds6_route_next
                0x000000000001c607                uip_ds6_route_is_nexthop
                0x000000000001c611                uip_ds6_route_num_routes
                0x000000000001c61b                uip_ds6_route_lookup
                0x000000000001c625                uip_ds6_route_add
                0x000000000001c638                uip_ds6_route_rm
                0x000000000001c63e                uip_ds6_route_rm_by_nexthop
                0x000000000001c644                uip_ds6_defrt_head
                0x000000000001c65d                uip_ds6_defrt_add
                0x000000000001c70b                uip_ds6_defrt_rm
                0x000000000001c771                uip_ds6_defrt_lookup
                0x000000000001c7d8                uip_ds6_defrt_choose
                0x000000000001c84e                uip_ds6_defrt_periodic
 .text          0x000000000001c8c9      0x6f7 build/cooja/mtype494.a(tcpip.o)
                0x000000000001c8e3                tcpip_output
                0x000000000001c962                udp_attach
                0x000000000001c97a                udp_new
                0x000000000001c9c4                udp_broadcast_new
                0x000000000001cb36                tcpip_input
                0x000000000001ccc6                tcpip_ipv6_output
                0x000000000001ceba                tcpip_poll_udp
                0x000000000001ced8                tcpip_uipcall
 .text          0x000000000001cfc0     0x1205 build/cooja/mtype494.a(uip6.o)
                0x000000000001d06f                uip_chksum
                0x000000000001d146                uip_icmp6chksum
                0x000000000001d15b                uip_udpchksum
                0x000000000001d170                uip_init
                0x000000000001d1b9                uip_remove_ext_hdr
                0x000000000001d293                uip_udp_new
                0x000000000001d5a7                uip_process
                0x000000000001e09f                uip_htons
                0x000000000001e0c1                uip_htonl
                0x000000000001e0ff                uip_send
 .text          0x000000000001e1c5      0x369 build/cooja/mtype494.a(uip-ds6-nbr.o)
                0x000000000001e1c5                uip_ds6_neighbors_init
                0x000000000001e1e9                uip_ds6_nbr_add
                0x000000000001e26f                uip_ds6_nbr_rm
                0x000000000001e2ba                uip_ds6_nbr_update_ll
                0x000000000001e3a8                uip_ds6_nbr_get_ipaddr
                0x000000000001e3bd                uip_ds6_nbr_get_ll
                0x000000000001e3d9                uip_ds6_nbr_num
                0x000000000001e422                uip_ds6_nbr_head
                0x000000000001e43b                uip_ds6_nbr_next
                0x000000000001e457                uip_ds6_nbr_lookup
                0x000000000001e4af                uip_ds6_nbr_ll_lookup
                0x000000000001e4cb                uip_ds6_nbr_ipaddr_from_lladdr
                0x000000000001e4f4                uip_ds6_nbr_lladdr_from_ipaddr
                0x000000000001e528                uip_ds6_link_callback
 .text          0x000000000001e52e      0x6a7 build/cooja/mtype494.a(uip-nd6.o)
                0x000000000001ebbc                uip_nd6_init
 .text          0x000000000001ebd5     0x2c17 build/cooja/mtype494.a(sicslowpan.o)
                0x000000000001f1dc                netstack_sniffer_add
                0x000000000001f1ea                netstack_sniffer_remove
                0x00000000000217c0                sicslowpan_init
                0x00000000000217e2                sicslowpan_get_last_rssi
 .text          0x00000000000217ec      0x4d1 build/cooja/mtype494.a(uiplib.o)
                0x00000000000217ec                uiplib_ip6addrconv
                0x00000000000219a4                uiplib_ip4addrconv
                0x0000000000021a67                uiplib_ipaddr_print
                0x0000000000021aba                uiplib_ipaddr_snprint
 .text          0x0000000000021cbd      0x4c9 build/cooja/mtype494.a(rpl.o)
                0x0000000000021cbd                rpl_lollipop_greater_than
                0x0000000000021d17                rpl_get_global_address
                0x0000000000021e0f                rpl_link_callback
                0x0000000000021e53                rpl_has_joined
                0x0000000000021e78                rpl_is_reachable
                0x0000000000021ef9                rpl_reset_prefix
                0x0000000000021f63                rpl_set_prefix_from_addr
                0x0000000000022048                rpl_set_prefix
                0x0000000000022162                rpl_set_leaf_only
                0x000000000002217a                rpl_get_leaf_only
 .text          0x0000000000022186     0x138c build/cooja/mtype494.a(rpl-icmp6.o)
                0x00000000000222ab                rpl_icmp6_update_nbr_table
                0x0000000000022334                rpl_icmp6_dis_output
                0x000000000002297a                rpl_icmp6_dio_output
                0x0000000000023178                rpl_icmp6_dao_output
                0x0000000000023459                rpl_icmp6_dao_ack_output
                0x00000000000234c9                rpl_icmp6_init
 .text          0x0000000000023512      0x264 build/cooja/mtype494.a(rpl-dag-root.o)
                0x0000000000023512                rpl_dag_root_print_links
                0x000000000002363e                rpl_dag_root_set_prefix
                0x000000000002366a                rpl_dag_root_start
                0x0000000000023747                rpl_dag_root_is_root
 .text          0x0000000000023776       0x30 build/cooja/mtype494.a(watchdog.o)
                0x0000000000023776                watchdog_init
                0x000000000002377c                watchdog_start
                0x0000000000023782                watchdog_periodic
                0x000000000002379a                watchdog_stop
                0x00000000000237a0                watchdog_reboot
 .text          0x00000000000237a6       0x4a build/cooja/mtype494.a(int-master.o)
                0x00000000000237a6                int_master_enable
                0x00000000000237b6                int_master_read_and_disable
                0x00000000000237d3                int_master_status_set
                0x00000000000237e1                int_master_is_enabled
 .text          0x00000000000237f0      0x226 build/cooja/mtype494.a(coap-timer-defa)
 .text          0x0000000000023a16       0xc7 build/cooja/mtype494.a(stimer.o)
                0x0000000000023a16                stimer_set
                0x0000000000023a34                stimer_reset
                0x0000000000023a61                stimer_restart
                0x0000000000023a76                stimer_expired
                0x0000000000023aa1                stimer_remaining
                0x0000000000023ac5                stimer_elapsed
 .text          0x0000000000023add      0x156 build/cooja/mtype494.a(ringbuf.o)
                0x0000000000023add                ringbuf_init
                0x0000000000023b0f                ringbuf_put
                0x0000000000023b8d                ringbuf_get
                0x0000000000023bfa                ringbuf_size
                0x0000000000023c0c                ringbuf_elements
 .text          0x0000000000023c33       0x1f build/cooja/mtype494.a(assert.o)
                0x0000000000023c33                _xassert
 .text          0x0000000000023c52      0x79b build/cooja/mtype494.a(nbr-table.o)
                0x00000000000240cb                nbr_table_register
                0x0000000000024138                nbr_table_is_registered
                0x0000000000024173                nbr_table_head
                0x00000000000241ce                nbr_table_next
                0x000000000002422f                nbr_table_add_lladdr
                0x0000000000024309                nbr_table_get_from_lladdr
                0x0000000000024355                nbr_table_remove
                0x000000000002438d                nbr_table_lock
                0x00000000000243a7                nbr_table_unlock
                0x00000000000243c1                nbr_table_get_lladdr
 .text          0x00000000000243ed      0x3a5 build/cooja/mtype494.a(link-stats.o)
                0x00000000000243ed                link_stats_from_lladdr
                0x0000000000024409                link_stats_get_lladdr
                0x0000000000024425                link_stats_is_fresh
                0x0000000000024461                guess_etx_from_rssi
                0x00000000000244dd                link_stats_packet_sent
                0x00000000000245fd                link_stats_input_callback
                0x000000000002470d                link_stats_reset
                0x000000000002475d                link_stats_init
 .text          0x0000000000024792      0x187 build/cooja/mtype494.a(mac-sequence.o)
                0x0000000000024792                mac_sequence_is_duplicate
                0x0000000000024832                mac_sequence_register_seqno
 .text          0x0000000000024919       0x23 build/cooja/mtype494.a(mac.o)
                0x0000000000024919                mac_call_sent_callback
 .text          0x000000000002493c      0x432 build/cooja/mtype494.a(framer-802154.o)
                0x0000000000024acb                framer_802154_setup_params
 .text          0x0000000000024d6e      0xb6f build/cooja/mtype494.a(frame802154.o)
                0x0000000000024d9f                frame802154_get_pan_id
                0x0000000000024dab                frame802154_set_pan_id
                0x0000000000024dc5                frame802154_has_panid
                0x0000000000024f74                frame802154_check_dest_panid
                0x0000000000024ffc                frame802154_is_broadcast_addr
                0x0000000000025049                frame802154_extract_linkaddr
                0x00000000000252ae                frame802154_hdrlen
                0x0000000000025321                frame802154_create_fcf
                0x00000000000253d9                frame802154_create
                0x000000000002554e                frame802154_parse_fcf
                0x0000000000025630                frame802154_parse
 .text          0x00000000000258dd       0x2d build/cooja/mtype494.a(csma-security.o)
                0x00000000000258dd                csma_security_create_frame
                0x00000000000258fb                csma_security_parse_frame
 .text          0x000000000002590a      0x4e4 build/cooja/mtype494.a(uipbuf.o)
                0x000000000002590a                uipbuf_clear
                0x0000000000025931                uipbuf_add_ext_hdr
                0x00000000000259b1                uipbuf_set_len
                0x00000000000259de                uipbuf_set_len_field
                0x0000000000025a0a                uipbuf_get_len_field
                0x0000000000025a2a                uipbuf_get_next_header
                0x0000000000025b5c                uipbuf_get_last_header
                0x0000000000025bd5                uipbuf_search_header
                0x0000000000025c8b                uipbuf_get_attr
                0x0000000000025cb2                uipbuf_set_attr
                0x0000000000025ce9                uipbuf_set_default_attr
                0x0000000000025d20                uipbuf_clear_attr
                0x0000000000025d44                uipbuf_set_attr_flag
                0x0000000000025d65                uipbuf_clr_attr_flag
                0x0000000000025d8c                uipbuf_is_attr_flag
                0x0000000000025db0                uipbuf_init
 .text          0x0000000000025dee      0x73f build/cooja/mtype494.a(uip-icmp6.o)
                0x0000000000025e63                uip_icmp6_input
                0x0000000000025eba                uip_icmp6_register_input_handler
                0x000000000002600d                uip_icmp6_error_output
                0x00000000000262be                uip_icmp6_send
                0x00000000000264b5                uip_icmp6_echo_reply_callback_add
                0x00000000000264e7                uip_icmp6_echo_reply_callback_rm
                0x0000000000026504                uip_icmp6_init
 .text          0x000000000002652d      0x69b build/cooja/mtype494.a(uip-sr.o)
                0x000000000002652d                uip_sr_num_nodes
                0x00000000000265bb                uip_sr_get_node
                0x0000000000026612                uip_sr_is_addr_reachable
                0x00000000000266c0                uip_sr_expire_parent
                0x0000000000026709                uip_sr_update_node
                0x0000000000026839                uip_sr_init
                0x000000000002686d                uip_sr_node_head
                0x0000000000026886                uip_sr_node_next
                0x000000000002689c                uip_sr_periodic
                0x00000000000269a2                uip_sr_free_all
                0x0000000000026a12                uip_sr_link_snprint
 .text          0x0000000000026bc8      0x146 build/cooja/mtype494.a(uip-packetqueue)
                0x0000000000026bf6                uip_packetqueue_new
                0x0000000000026c05                uip_packetqueue_alloc
                0x0000000000026c60                uip_packetqueue_free
                0x0000000000026ca7                uip_packetqueue_buf
                0x0000000000026cc4                uip_packetqueue_buflen
                0x0000000000026ce5                uip_packetqueue_set_buflen
 .text          0x0000000000026d0e      0x1b0 build/cooja/mtype494.a(rpl-nbr-policy.)
                0x0000000000026e7b                rpl_nbr_policy_find_removable
 .text          0x0000000000026ebe      0x915 build/cooja/mtype494.a(rpl-neighbor.o)
                0x0000000000026f3a                rpl_neighbor_snprint
                0x00000000000271ed                rpl_neighbor_print_list
                0x00000000000272a2                rpl_neighbor_count
                0x0000000000027349                rpl_neighbor_get_from_lladdr
                0x0000000000027365                rpl_neighbor_is_acceptable_parent
                0x0000000000027399                rpl_neighbor_get_link_metric
                0x00000000000273cd                rpl_neighbor_rank_via_nbr
                0x0000000000027401                rpl_neighbor_get_lladdr
                0x000000000002741d                rpl_neighbor_get_ipaddr
                0x0000000000027444                rpl_neighbor_get_link_stats
                0x000000000002746b                rpl_neighbor_is_fresh
                0x0000000000027492                rpl_neighbor_is_reachable
                0x00000000000274dd                rpl_neighbor_is_parent
                0x0000000000027507                rpl_neighbor_set_preferred_parent
                0x000000000002759e                rpl_neighbor_remove_all
                0x00000000000275fa                rpl_neighbor_get_from_ipaddr
                0x0000000000027708                rpl_neighbor_select_best
                0x00000000000277b4                rpl_neighbor_init
 .text          0x00000000000277d3      0xe69 build/cooja/mtype494.a(rpl-dag.o)
                0x00000000000277d3                rpl_dag_state_to_str
                0x0000000000027812                rpl_dag_get_root_ipaddr
                0x000000000002785a                rpl_dag_leave
                0x00000000000278e3                rpl_dag_poison_and_leave
                0x00000000000278fb                rpl_dag_periodic
                0x0000000000027983                rpl_is_addr_in_our_dag
                0x00000000000279c7                rpl_get_default_instance
                0x00000000000279e3                rpl_get_any_dag
                0x0000000000027a3c                rpl_refresh_routes
                0x0000000000027a7c                rpl_global_repair
                0x0000000000027b15                rpl_local_repair
                0x0000000000027b5f                rpl_dag_ready_to_advertise
                0x0000000000027ba2                rpl_dag_update_state
                0x00000000000282cf                rpl_process_dio
                0x000000000002834d                rpl_process_dis
                0x0000000000028392                rpl_process_dao
                0x0000000000028421                rpl_process_dao_ack
                0x00000000000284b8                rpl_process_hbh
                0x0000000000028508                rpl_dag_init_root
                0x000000000002861c                rpl_dag_init
 .text          0x000000000002863c      0x9e7 build/cooja/mtype494.a(rpl-timers.o)
                0x000000000002863c                rpl_timers_schedule_periodic_dis
                0x000000000002878a                rpl_timers_dio_reset
                0x0000000000028898                rpl_timers_schedule_unicast_dio
                0x00000000000289ec                rpl_timers_schedule_dao
                0x0000000000028aab                rpl_timers_schedule_dao_ack
                0x0000000000028b31                rpl_timers_notify_dao_ack
                0x0000000000028b8f                get_probing_delay
                0x0000000000028bc3                get_probing_target
                0x0000000000028dad                rpl_schedule_probing
                0x0000000000028ddb                rpl_schedule_probing_now
                0x0000000000028e45                rpl_timers_unschedule_leaving
                0x0000000000028e7d                rpl_timers_schedule_leaving
                0x0000000000028ebe                rpl_timers_init
                0x0000000000028f4e                rpl_timers_stop_dag_timers
                0x0000000000028fc7                rpl_timers_unschedule_state_update
                0x0000000000028feb                rpl_timers_schedule_state_update
 .text          0x0000000000029023      0xb8e build/cooja/mtype494.a(rpl-ext-header.)
                0x0000000000029023                rpl_ext_header_srh_get_next_hop
                0x000000000002910a                rpl_ext_header_srh_update
                0x0000000000029676                rpl_ext_header_hbh_update
                0x0000000000029976                rpl_ext_header_update
                0x00000000000299ff                rpl_ext_header_remove
 .text          0x0000000000029bb1      0x31b build/cooja/mtype494.a(rpl-mrhof.o)
 *fill*         0x0000000000029ecc        0x4 
 .text          0x0000000000029ed0      0x122 /usr/lib/gcc/i686-linux-gnu/5/libgcc.a(_udivdi3.o)
                0x0000000000029ed0                __udivdi3
 .text          0x0000000000029ff2        0x0 /usr/lib/gcc/i686-linux-gnu/5/crtendS.o
 .text          0x0000000000029ff2        0x0 /usr/lib/gcc/i686-linux-gnu/5/../../../i386-linux-gnu/crtn.o
 *(.gnu.warning)

.fini           0x0000000000029ff4       0x14
 *(SORT(.fini))
 .fini          0x0000000000029ff4        0xf /usr/lib/gcc/i686-linux-gnu/5/../../../i386-linux-gnu/crti.o
                0x0000000000029ff4                _fini
 .fini          0x000000000002a003        0x5 /usr/lib/gcc/i686-linux-gnu/5/../../../i386-linux-gnu/crtn.o
                [!provide]                        PROVIDE (__etext, .)
                [!provide]                        PROVIDE (_etext, .)
                [!provide]                        PROVIDE (etext, .)

.rodata         0x000000000002a020      0xc4b
 *(.rodata .rodata.* .gnu.linkonce.r.*)
 .rodata        0x000000000002a020       0xb1 device.o
                0x000000000002a028                autostart_processes
 *fill*         0x000000000002a0d1        0x3 
 .rodata        0x000000000002a0d4        0x8 build/cooja/mtype494.a(beep.o)
                0x000000000002a0d4                beep_interface
 .rodata        0x000000000002a0dc        0xe build/cooja/mtype494.a(leds-arch.o)
                0x000000000002a0dc                leds_interface
                0x000000000002a0e4                leds_arch_leds
 *fill*         0x000000000002a0ea        0x2 
 .rodata        0x000000000002a0ec        0x8 build/cooja/mtype494.a(moteid.o)
                0x000000000002a0ec                moteid_interface
 .rodata        0x000000000002a0f4       0x1c build/cooja/mtype494.a(pir-sensor.o)
                0x000000000002a0f4                pir_interface
                0x000000000002a100                pir_sensor
 .rodata        0x000000000002a110        0xe build/cooja/mtype494.a(rs232.o)
                0x000000000002a110                rs232_interface
 *fill*         0x000000000002a11e        0x2 
 .rodata        0x000000000002a120       0x24 build/cooja/mtype494.a(vib-sensor.o)
                0x000000000002a120                vib_interface
                0x000000000002a134                vib_sensor
 .rodata        0x000000000002a144        0x8 build/cooja/mtype494.a(clock.o)
                0x000000000002a144                clock_interface
 .rodata        0x000000000002a14c        0x8 build/cooja/mtype494.a(cooja-log.o)
                0x000000000002a14c                simlog_interface
 .rodata        0x000000000002a154       0x2f build/cooja/mtype494.a(cfs-cooja.o)
                0x000000000002a154                cfs_interface
 *fill*         0x000000000002a183       0x1d 
 .rodata        0x000000000002a1a0       0xb8 build/cooja/mtype494.a(cooja-radio.o)
                0x000000000002a1a0                radio_interface
                0x000000000002a220                cooja_radio_driver
 .rodata        0x000000000002a258        0x8 build/cooja/mtype494.a(eeprom.o)
                0x000000000002a258                eeprom_interface
 .rodata        0x000000000002a260        0x8 build/cooja/mtype494.a(sensors.o)
 .rodata        0x000000000002a268       0x2c build/cooja/mtype494.a(buttons.o)
                0x000000000002a268                button_interface
                0x000000000002a27c                button_hal_button_count
                0x000000000002a284                button_sensor
 .rodata        0x000000000002a294      0x135 build/cooja/mtype494.a(cooling.o)
 *fill*         0x000000000002a3c9        0x3 
 .rodata        0x000000000002a3cc       0xed build/cooja/mtype494.a(thermostat.o)
 .rodata        0x000000000002a4b9       0x41 build/cooja/mtype494.a(coap-engine.o)
 .rodata        0x000000000002a4fa       0x19 build/cooja/mtype494.a(coap-res-well-k)
 .rodata        0x000000000002a513       0x11 build/cooja/mtype494.a(coap-observe.o)
 .rodata        0x000000000002a524       0x35 build/cooja/mtype494.a(coap-uip.o)
 *fill*         0x000000000002a559        0x3 
 .rodata        0x000000000002a55c      0x1ac build/cooja/mtype494.a(coap.o)
 .rodata        0x000000000002a708       0xf4 build/cooja/mtype494.a(contiki-main.o)
 .rodata        0x000000000002a7fc        0xf build/cooja/mtype494.a(ctimer.o)
 *fill*         0x000000000002a80b        0x1 
 .rodata        0x000000000002a80c       0xc4 build/cooja/mtype494.a(log.o)
 .rodata        0x000000000002a8d0        0xc build/cooja/mtype494.a(etimer.o)
 .rodata        0x000000000002a8dc       0x13 build/cooja/mtype494.a(button-hal.o)
 .rodata        0x000000000002a8ef        0xe build/cooja/mtype494.a(serial-line.o)
 *fill*         0x000000000002a8fd        0x3 
 .rodata        0x000000000002a900        0x8 build/cooja/mtype494.a(linkaddr.o)
                0x000000000002a900                linkaddr_null
 .rodata        0x000000000002a908       0x24 build/cooja/mtype494.a(csma.o)
                0x000000000002a910                csma_driver
 .rodata        0x000000000002a92c       0x27 build/cooja/mtype494.a(csma-output.o)
 *fill*         0x000000000002a953        0x1 
 .rodata        0x000000000002a954       0x4d build/cooja/mtype494.a(uip-ds6-route.o)
 .rodata        0x000000000002a9a1        0xd build/cooja/mtype494.a(tcpip.o)
 *fill*         0x000000000002a9ae        0x2 
 .rodata        0x000000000002a9b0       0x30 build/cooja/mtype494.a(sicslowpan.o)
                0x000000000002a9b0                unc_llconf
                0x000000000002a9b4                unc_ctxconf
                0x000000000002a9b8                unc_mxconf
                0x000000000002a9bc                llprefix
                0x000000000002a9d0                sicslowpan_driver
 .rodata        0x000000000002a9e0       0x2d build/cooja/mtype494.a(uiplib.o)
 *fill*         0x000000000002aa0d       0x13 
 .rodata        0x000000000002aa20       0x74 build/cooja/mtype494.a(rpl.o)
                0x000000000002aa40                rpl_lite_driver
 .rodata        0x000000000002aa94       0x20 build/cooja/mtype494.a(coap-timer-defa)
                0x000000000002aaa8                coap_timer_default_driver
 .rodata        0x000000000002aab4       0x25 build/cooja/mtype494.a(assert.o)
 *fill*         0x000000000002aad9        0x3 
 .rodata        0x000000000002aadc        0xc build/cooja/mtype494.a(framer-802154.o)
                0x000000000002aadc                framer_802154
 .rodata        0x000000000002aae8       0x44 build/cooja/mtype494.a(uip-sr.o)
 .rodata        0x000000000002ab2c       0x58 build/cooja/mtype494.a(rpl-neighbor.o)
 .rodata        0x000000000002ab84       0xdb build/cooja/mtype494.a(rpl-dag.o)
 .rodata        0x000000000002ac5f        0xc build/cooja/mtype494.a(rpl-timers.o)

.rodata1
 *(.rodata1)

.eh_frame_hdr   0x000000000002ac6c     0x19ec
 *(.eh_frame_hdr)
 .eh_frame_hdr  0x000000000002ac6c     0x19ec device.o
                0x000000000002ac6c                __GNU_EH_FRAME_HDR
 *(.eh_frame_entry .eh_frame_entry.*)

.eh_frame       0x000000000002c658     0x6928
 *(.eh_frame)
 .eh_frame      0x000000000002c658       0x3c /usr/lib/gcc/i686-linux-gnu/5/../../../i386-linux-gnu/crti.o
                                         0x40 (size before relaxing)
 .eh_frame      0x000000000002c694       0x40 device.o
                                         0x58 (size before relaxing)
 .eh_frame      0x000000000002c6d4      0x178 build/cooja/mtype494.o
                                        0x190 (size before relaxing)
 .eh_frame      0x000000000002c84c       0x40 build/cooja/mtype494.a(simEnvChange.o)
                                         0x58 (size before relaxing)
 .eh_frame      0x000000000002c88c       0x60 build/cooja/mtype494.a(cooja_mt.o)
                                         0x78 (size before relaxing)
 .eh_frame      0x000000000002c8ec       0x80 build/cooja/mtype494.a(cooja_mtarch.o)
                                         0x98 (size before relaxing)
 .eh_frame      0x000000000002c96c       0xc8 build/cooja/mtype494.a(rtimer-arch.o)
                                         0xe0 (size before relaxing)
 .eh_frame      0x000000000002ca34      0x160 build/cooja/mtype494.a(beep.o)
                                        0x178 (size before relaxing)
 .eh_frame      0x000000000002cb94       0x80 build/cooja/mtype494.a(leds-arch.o)
                                         0x98 (size before relaxing)
 .eh_frame      0x000000000002cc14       0x40 build/cooja/mtype494.a(moteid.o)
                                         0x58 (size before relaxing)
 .eh_frame      0x000000000002cc54       0xa0 build/cooja/mtype494.a(pir-sensor.o)
                                         0xb8 (size before relaxing)
 .eh_frame      0x000000000002ccf4      0x100 build/cooja/mtype494.a(rs232.o)
                                        0x118 (size before relaxing)
 .eh_frame      0x000000000002cdf4       0xa0 build/cooja/mtype494.a(vib-sensor.o)
                                         0xb8 (size before relaxing)
 .eh_frame      0x000000000002ce94       0xc0 build/cooja/mtype494.a(clock.o)
                                         0xd8 (size before relaxing)
 .eh_frame      0x000000000002cf54      0x120 build/cooja/mtype494.a(cooja-log.o)
                                        0x138 (size before relaxing)
 .eh_frame      0x000000000002d074      0x160 build/cooja/mtype494.a(cfs-cooja.o)
                                        0x178 (size before relaxing)
 .eh_frame      0x000000000002d1d4      0x340 build/cooja/mtype494.a(cooja-radio.o)
                                        0x358 (size before relaxing)
 .eh_frame      0x000000000002d514       0xa0 build/cooja/mtype494.a(eeprom.o)
                                         0xb8 (size before relaxing)
 .eh_frame      0x000000000002d5b4       0x40 build/cooja/mtype494.a(random.o)
                                         0x58 (size before relaxing)
 .eh_frame      0x000000000002d5f4       0xc0 build/cooja/mtype494.a(sensors.o)
                                         0xd8 (size before relaxing)
 .eh_frame      0x000000000002d6b4      0x120 build/cooja/mtype494.a(leds.o)
                                        0x138 (size before relaxing)
 .eh_frame      0x000000000002d7d4      0x220 build/cooja/mtype494.a(gpio-hal-arch.o)
                                        0x238 (size before relaxing)
 .eh_frame      0x000000000002d9f4       0xa0 build/cooja/mtype494.a(buttons.o)
                                         0xb8 (size before relaxing)
 .eh_frame      0x000000000002da94       0x40 build/cooja/mtype494.a(cooling.o)
                                         0x58 (size before relaxing)
 .eh_frame      0x000000000002dad4       0x60 build/cooja/mtype494.a(thermostat.o)
                                         0x78 (size before relaxing)
 .eh_frame      0x000000000002db34       0x44 build/cooja/mtype494.a(coap-blocking-a)
                                         0x5c (size before relaxing)
 .eh_frame      0x000000000002db78      0x220 build/cooja/mtype494.a(coap-engine.o)
                                        0x238 (size before relaxing)
 .eh_frame      0x000000000002dd98       0x24 build/cooja/mtype494.a(coap-res-well-k)
                                         0x3c (size before relaxing)
 .eh_frame      0x000000000002ddbc      0x188 build/cooja/mtype494.a(coap-observe.o)
                                        0x1a0 (size before relaxing)
 .eh_frame      0x000000000002df44      0x250 build/cooja/mtype494.a(coap-uip.o)
                                        0x268 (size before relaxing)
 .eh_frame      0x000000000002e194      0x114 build/cooja/mtype494.a(coap-timer.o)
                                        0x12c (size before relaxing)
 .eh_frame      0x000000000002e2a8      0x100 build/cooja/mtype494.a(coap-transactio)
                                        0x118 (size before relaxing)
 .eh_frame      0x000000000002e3a8      0x6ec build/cooja/mtype494.a(coap.o)
                                        0x704 (size before relaxing)
 .eh_frame      0x000000000002ea94       0x30 build/cooja/mtype494.a(contiki-main.o)
                                         0x48 (size before relaxing)
 .eh_frame      0x000000000002eac4       0x40 build/cooja/mtype494.a(autostart.o)
                                         0x58 (size before relaxing)
 .eh_frame      0x000000000002eb04      0x100 build/cooja/mtype494.a(ctimer.o)
                                        0x118 (size before relaxing)
 .eh_frame      0x000000000002ec04      0x100 build/cooja/mtype494.a(log.o)
                                        0x118 (size before relaxing)
 .eh_frame      0x000000000002ed04       0x60 build/cooja/mtype494.a(energest.o)
                                         0x78 (size before relaxing)
 .eh_frame      0x000000000002ed64      0x1e0 build/cooja/mtype494.a(etimer.o)
                                        0x1f8 (size before relaxing)
 .eh_frame      0x000000000002ef44       0x20 build/cooja/mtype494.a(node-id.o)
                                         0x38 (size before relaxing)
 .eh_frame      0x000000000002ef64       0x60 build/cooja/mtype494.a(rtimer.o)
                                         0x78 (size before relaxing)
 .eh_frame      0x000000000002efc4      0x1c4 build/cooja/mtype494.a(process.o)
                                        0x1dc (size before relaxing)
 .eh_frame      0x000000000002f188       0xa4 build/cooja/mtype494.a(timer.o)
                                         0xbc (size before relaxing)
 .eh_frame      0x000000000002f22c      0x1a0 build/cooja/mtype494.a(list.o)
                                        0x1b8 (size before relaxing)
 .eh_frame      0x000000000002f3cc       0xa0 build/cooja/mtype494.a(memb.o)
                                         0xb8 (size before relaxing)
 .eh_frame      0x000000000002f46c      0x144 build/cooja/mtype494.a(button-hal.o)
                                        0x15c (size before relaxing)
 .eh_frame      0x000000000002f5b0       0x60 build/cooja/mtype494.a(serial-line.o)
                                         0x78 (size before relaxing)
 .eh_frame      0x000000000002f610       0xe0 build/cooja/mtype494.a(gpio-hal.o)
                                         0xf8 (size before relaxing)
 .eh_frame      0x000000000002f6f0      0x1a0 build/cooja/mtype494.a(queuebuf.o)
                                        0x1b8 (size before relaxing)
 .eh_frame      0x000000000002f890      0x28c build/cooja/mtype494.a(packetbuf.o)
                                        0x2a4 (size before relaxing)
 .eh_frame      0x000000000002fb1c       0x80 build/cooja/mtype494.a(netstack.o)
                                         0x98 (size before relaxing)
 .eh_frame      0x000000000002fb9c       0x60 build/cooja/mtype494.a(linkaddr.o)
                                         0x78 (size before relaxing)
 .eh_frame      0x000000000002fbfc       0xe0 build/cooja/mtype494.a(csma.o)
                                         0xf8 (size before relaxing)
 .eh_frame      0x000000000002fcdc      0x1d0 build/cooja/mtype494.a(csma-output.o)
                                        0x1e8 (size before relaxing)
 .eh_frame      0x000000000002feac      0x328 build/cooja/mtype494.a(uip-ds6.o)
                                        0x340 (size before relaxing)
 .eh_frame      0x00000000000301d4       0x40 build/cooja/mtype494.a(uip-udp-packet.)
                                         0x58 (size before relaxing)
 .eh_frame      0x0000000000030214      0x220 build/cooja/mtype494.a(uip-ds6-route.o)
                                        0x238 (size before relaxing)
 .eh_frame      0x0000000000030434      0x244 build/cooja/mtype494.a(tcpip.o)
                                        0x25c (size before relaxing)
 .eh_frame      0x0000000000030678      0x1e8 build/cooja/mtype494.a(uip6.o)
                                        0x200 (size before relaxing)
 .eh_frame      0x0000000000030860      0x1c0 build/cooja/mtype494.a(uip-ds6-nbr.o)
                                        0x1d8 (size before relaxing)
 .eh_frame      0x0000000000030a20       0x84 build/cooja/mtype494.a(uip-nd6.o)
                                         0x9c (size before relaxing)
 .eh_frame      0x0000000000030aa4      0x2f8 build/cooja/mtype494.a(sicslowpan.o)
                                        0x310 (size before relaxing)
 .eh_frame      0x0000000000030d9c       0x88 build/cooja/mtype494.a(uiplib.o)
                                         0xa0 (size before relaxing)
 .eh_frame      0x0000000000030e24      0x1e0 build/cooja/mtype494.a(rpl.o)
                                        0x1f8 (size before relaxing)
 .eh_frame      0x0000000000031004      0x1c4 build/cooja/mtype494.a(rpl-icmp6.o)
                                        0x1dc (size before relaxing)
 .eh_frame      0x00000000000311c8       0xa0 build/cooja/mtype494.a(rpl-dag-root.o)
                                         0xb8 (size before relaxing)
 .eh_frame      0x0000000000031268       0xa0 build/cooja/mtype494.a(watchdog.o)
                                         0xb8 (size before relaxing)
 .eh_frame      0x0000000000031308       0x80 build/cooja/mtype494.a(int-master.o)
                                         0x98 (size before relaxing)
 .eh_frame      0x0000000000031388       0xa4 build/cooja/mtype494.a(coap-timer-defa)
                                         0xbc (size before relaxing)
 .eh_frame      0x000000000003142c       0xc4 build/cooja/mtype494.a(stimer.o)
                                         0xdc (size before relaxing)
 .eh_frame      0x00000000000314f0       0xa0 build/cooja/mtype494.a(ringbuf.o)
                                         0xb8 (size before relaxing)
 .eh_frame      0x0000000000031590       0x20 build/cooja/mtype494.a(assert.o)
                                         0x38 (size before relaxing)
 .eh_frame      0x00000000000315b0      0x2ac build/cooja/mtype494.a(nbr-table.o)
                                        0x2c4 (size before relaxing)
 .eh_frame      0x000000000003185c      0x120 build/cooja/mtype494.a(link-stats.o)
                                        0x138 (size before relaxing)
 .eh_frame      0x000000000003197c       0x48 build/cooja/mtype494.a(mac-sequence.o)
                                         0x60 (size before relaxing)
 .eh_frame      0x00000000000319c4       0x20 build/cooja/mtype494.a(mac.o)
                                         0x38 (size before relaxing)
 .eh_frame      0x00000000000319e4       0xa4 build/cooja/mtype494.a(framer-802154.o)
                                         0xbc (size before relaxing)
 .eh_frame      0x0000000000031a88      0x1a4 build/cooja/mtype494.a(frame802154.o)
                                        0x1bc (size before relaxing)
 .eh_frame      0x0000000000031c2c       0x40 build/cooja/mtype494.a(csma-security.o)
                                         0x58 (size before relaxing)
 .eh_frame      0x0000000000031c6c      0x200 build/cooja/mtype494.a(uipbuf.o)
                                        0x218 (size before relaxing)
 .eh_frame      0x0000000000031e6c      0x150 build/cooja/mtype494.a(uip-icmp6.o)
                                        0x168 (size before relaxing)
 .eh_frame      0x0000000000031fbc      0x184 build/cooja/mtype494.a(uip-sr.o)
                                        0x19c (size before relaxing)
 .eh_frame      0x0000000000032140       0xe0 build/cooja/mtype494.a(uip-packetqueue)
                                         0xf8 (size before relaxing)
 .eh_frame      0x0000000000032220       0x80 build/cooja/mtype494.a(rpl-nbr-policy.)
                                         0x98 (size before relaxing)
 .eh_frame      0x00000000000322a0      0x2d4 build/cooja/mtype494.a(rpl-neighbor.o)
                                        0x2ec (size before relaxing)
 .eh_frame      0x0000000000032574      0x370 build/cooja/mtype494.a(rpl-dag.o)
                                        0x388 (size before relaxing)
 .eh_frame      0x00000000000328e4      0x3a8 build/cooja/mtype494.a(rpl-timers.o)
                                        0x3c0 (size before relaxing)
 .eh_frame      0x0000000000032c8c      0x124 build/cooja/mtype494.a(rpl-ext-header.)
                                        0x13c (size before relaxing)
 .eh_frame      0x0000000000032db0      0x148 build/cooja/mtype494.a(rpl-mrhof.o)
                                        0x160 (size before relaxing)
 .eh_frame      0x0000000000032ef8       0x84 /usr/lib/gcc/i686-linux-gnu/5/libgcc.a(_udivdi3.o)
                                         0x9c (size before relaxing)
 .eh_frame      0x0000000000032f7c        0x4 /usr/lib/gcc/i686-linux-gnu/5/crtendS.o
 *(.eh_frame.*)

.gcc_except_table
 *(.gcc_except_table .gcc_except_table.*)

.gnu_extab
 *(.gnu_extab*)

.exception_ranges
 *(.exception_ranges .exception_ranges*)
                0x0000000000034f10                . = DATA_SEGMENT_ALIGN (0x1000, 0x1000)

.eh_frame
 *(.eh_frame)
 *(.eh_frame.*)

.gnu_extab
 *(.gnu_extab)

.gcc_except_table
 *(.gcc_except_table .gcc_except_table.*)

.exception_ranges
 *(.exception_ranges .exception_ranges*)

.tdata
 *(.tdata .tdata.* .gnu.linkonce.td.*)

.tbss
 *(.tbss .tbss.* .gnu.linkonce.tb.*)
 *(.tcommon)

.preinit_array
 *(.preinit_array)

.init_array     0x0000000000034f10        0x4
 *(SORT(.init_array.*) SORT(.ctors.*))
 *(.init_array EXCLUDE_FILE(*crtend?.o *crtend.o *crtbegin?.o *crtbegin.o) .ctors)
 .init_array    0x0000000000034f10        0x4 /usr/lib/gcc/i686-linux-gnu/5/crtbeginS.o

.fini_array     0x0000000000034f14        0x4
 *(SORT(.fini_array.*) SORT(.dtors.*))
 *(.fini_array EXCLUDE_FILE(*crtend?.o *crtend.o *crtbegin?.o *crtbegin.o) .dtors)
 .fini_array    0x0000000000034f14        0x4 /usr/lib/gcc/i686-linux-gnu/5/crtbeginS.o

.ctors
 *crtbegin.o(.ctors)
 *crtbegin?.o(.ctors)
 *(EXCLUDE_FILE(*crtend?.o *crtend.o) .ctors)
 *(SORT(.ctors.*))
 *(.ctors)

.dtors
 *crtbegin.o(.dtors)
 *crtbegin?.o(.dtors)
 *(EXCLUDE_FILE(*crtend?.o *crtend.o) .dtors)
 *(SORT(.dtors.*))
 *(.dtors)

.jcr            0x0000000000034f18        0x4
 *(.jcr)
 .jcr           0x0000000000034f18        0x0 /usr/lib/gcc/i686-linux-gnu/5/crtbeginS.o
 .jcr           0x0000000000034f18        0x4 /usr/lib/gcc/i686-linux-gnu/5/crtendS.o

.data.rel.ro
 *(.data.rel.ro.local* .gnu.linkonce.d.rel.ro.local.*)
 *(.data.rel.ro .data.rel.ro.* .gnu.linkonce.d.rel.ro.*)

.dynamic        0x0000000000034f1c       0xd0
 *(.dynamic)
 .dynamic       0x0000000000034f1c       0xd0 /usr/lib/gcc/i686-linux-gnu/5/../../../i386-linux-gnu/crti.o
                0x0000000000034f1c                _DYNAMIC

.got            0x0000000000034fec       0x14
 *(.got)
 .got           0x0000000000034fec       0x14 /usr/lib/gcc/i686-linux-gnu/5/../../../i386-linux-gnu/crti.o
 *(.igot)
                0x0000000000035ff4                . = DATA_SEGMENT_RELRO_END (., (SIZEOF (.got.plt) >= 0xc)?0xc:0x0)

.got.plt        0x0000000000035000        0xc
 *(.got.plt)
 .got.plt       0x0000000000035000        0xc /usr/lib/gcc/i686-linux-gnu/5/../../../i386-linux-gnu/crti.o
                0x0000000000035000                _GLOBAL_OFFSET_TABLE_
 *(.igot.plt)

.data           0x0000000000035020      0x4a4
 *(.data .data.* .gnu.linkonce.d.*)
 .data          0x0000000000035020        0x0 /usr/lib/gcc/i686-linux-gnu/5/../../../i386-linux-gnu/crti.o
 .data          0x0000000000035020        0x0 /usr/lib/gcc/i686-linux-gnu/5/crtbeginS.o
 .data.rel.local
                0x0000000000035020        0x4 /usr/lib/gcc/i686-linux-gnu/5/crtbeginS.o
                0x0000000000035020                __dso_handle
 .data          0x0000000000035024       0x10 device.o
                0x0000000000035024                node_process
 *fill*         0x0000000000035034        0xc 
 .data          0x0000000000035040       0x44 build/cooja/mtype494.o
                0x0000000000035040                simInterfaces
                0x0000000000035074                sensors
 .data          0x0000000000035084        0x0 build/cooja/mtype494.a(simEnvChange.o)
 .data          0x0000000000035084        0x0 build/cooja/mtype494.a(cooja_mt.o)
 .data          0x0000000000035084        0x0 build/cooja/mtype494.a(cooja_mtarch.o)
 .data          0x0000000000035084        0x0 build/cooja/mtype494.a(rtimer-arch.o)
 .data          0x0000000000035084        0x0 build/cooja/mtype494.a(beep.o)
 .data          0x0000000000035084        0x0 build/cooja/mtype494.a(leds-arch.o)
 .data          0x0000000000035084        0x0 build/cooja/mtype494.a(moteid.o)
 .data          0x0000000000035084        0x0 build/cooja/mtype494.a(pir-sensor.o)
 .data          0x0000000000035084        0x0 build/cooja/mtype494.a(rs232.o)
 .data          0x0000000000035084        0x0 build/cooja/mtype494.a(vib-sensor.o)
 .data          0x0000000000035084        0x0 build/cooja/mtype494.a(clock.o)
 .data          0x0000000000035084        0x0 build/cooja/mtype494.a(cooja-log.o)
 .data          0x0000000000035084        0x0 build/cooja/mtype494.a(cfs-cooja.o)
 .data          0x0000000000035084       0x2c build/cooja/mtype494.a(cooja-radio.o)
                0x0000000000035084                simRadioHWOn
                0x0000000000035088                simSignalStrength
                0x000000000003508c                simLastSignalStrength
                0x0000000000035090                simPower
                0x0000000000035094                simRadioChannel
                0x0000000000035098                simLQI
                0x00000000000350a0                cooja_radio_process
 .data          0x00000000000350b0        0x0 build/cooja/mtype494.a(eeprom.o)
 .data          0x00000000000350b0        0x0 build/cooja/mtype494.a(random.o)
 .data          0x00000000000350b0       0x10 build/cooja/mtype494.a(sensors.o)
                0x00000000000350b0                sensors_process
 .data          0x00000000000350c0        0x0 build/cooja/mtype494.a(leds.o)
 .data          0x00000000000350c0        0x0 build/cooja/mtype494.a(gpio-hal-arch.o)
 .data          0x00000000000350c0       0x78 build/cooja/mtype494.a(buttons.o)
                0x00000000000350c0                simButtonIsActive
                0x0000000000035130                button_hal_buttons
 *fill*         0x0000000000035138        0x8 
 .data          0x0000000000035140       0x24 build/cooja/mtype494.a(cooling.o)
                0x0000000000035140                cooling
 *fill*         0x0000000000035164       0x1c 
 .data          0x0000000000035180       0x44 build/cooja/mtype494.a(thermostat.o)
                0x00000000000351a0                thermostat
 .data          0x00000000000351c4        0x0 build/cooja/mtype494.a(coap-blocking-a)
 .data          0x00000000000351c4        0x8 build/cooja/mtype494.a(coap-engine.o)
 *fill*         0x00000000000351cc       0x14 
 .data          0x00000000000351e0       0x24 build/cooja/mtype494.a(coap-res-well-k)
                0x00000000000351e0                res_well_known_core
 .data          0x0000000000035204       0x10 build/cooja/mtype494.a(coap-observe.o)
 .data          0x0000000000035214       0x10 build/cooja/mtype494.a(coap-uip.o)
                0x0000000000035214                coap_engine
 .data          0x0000000000035224        0x4 build/cooja/mtype494.a(coap-timer.o)
 .data          0x0000000000035228       0x10 build/cooja/mtype494.a(coap-transactio)
 .data          0x0000000000035238        0x4 build/cooja/mtype494.a(coap.o)
                0x0000000000035238                coap_error_message
 .data          0x000000000003523c        0x0 build/cooja/mtype494.a(contiki-main.o)
 .data          0x000000000003523c        0x0 build/cooja/mtype494.a(autostart.o)
 .data          0x000000000003523c       0x14 build/cooja/mtype494.a(ctimer.o)
                0x0000000000035240                ctimer_process
 *fill*         0x0000000000035250       0x10 
 .data          0x0000000000035260       0xbc build/cooja/mtype494.a(log.o)
                0x0000000000035260                curr_log_level_main
                0x0000000000035280                all_modules
 .data          0x000000000003531c        0x0 build/cooja/mtype494.a(energest.o)
 .data          0x000000000003531c       0x10 build/cooja/mtype494.a(etimer.o)
                0x000000000003531c                etimer_process
 .data          0x000000000003532c        0x0 build/cooja/mtype494.a(node-id.o)
 .data          0x000000000003532c        0x0 build/cooja/mtype494.a(rtimer.o)
 .data          0x000000000003532c        0x0 build/cooja/mtype494.a(process.o)
 .data          0x000000000003532c        0x0 build/cooja/mtype494.a(timer.o)
 .data          0x000000000003532c        0x0 build/cooja/mtype494.a(list.o)
 .data          0x000000000003532c        0x0 build/cooja/mtype494.a(memb.o)
 .data          0x000000000003532c       0x10 build/cooja/mtype494.a(button-hal.o)
                0x000000000003532c                button_hal_process
 .data          0x000000000003533c       0x10 build/cooja/mtype494.a(serial-line.o)
                0x000000000003533c                serial_line_process
 .data          0x000000000003534c        0x4 build/cooja/mtype494.a(gpio-hal.o)
 .data          0x0000000000035350       0x18 build/cooja/mtype494.a(queuebuf.o)
 .data          0x0000000000035368        0x4 build/cooja/mtype494.a(packetbuf.o)
 .data          0x000000000003536c        0x4 build/cooja/mtype494.a(netstack.o)
 .data          0x0000000000035370        0x0 build/cooja/mtype494.a(linkaddr.o)
 .data          0x0000000000035370        0x0 build/cooja/mtype494.a(csma.o)
 .data          0x0000000000035370       0x28 build/cooja/mtype494.a(csma-output.o)
 .data          0x0000000000035398        0x0 build/cooja/mtype494.a(uip-ds6.o)
 .data          0x0000000000035398        0x0 build/cooja/mtype494.a(uip-udp-packet.)
 .data          0x0000000000035398       0x10 build/cooja/mtype494.a(uip-ds6-route.o)
 .data          0x00000000000353a8       0x10 build/cooja/mtype494.a(tcpip.o)
                0x00000000000353a8                tcpip_process
 .data          0x00000000000353b8        0x0 build/cooja/mtype494.a(uip6.o)
 .data          0x00000000000353b8       0x14 build/cooja/mtype494.a(uip-ds6-nbr.o)
 .data          0x00000000000353cc        0xc build/cooja/mtype494.a(uip-nd6.o)
 .data          0x00000000000353d8        0x0 build/cooja/mtype494.a(sicslowpan.o)
 .data          0x00000000000353d8        0x0 build/cooja/mtype494.a(uiplib.o)
 .data          0x00000000000353d8        0x0 build/cooja/mtype494.a(rpl.o)
 .data          0x00000000000353d8       0x30 build/cooja/mtype494.a(rpl-icmp6.o)
 .data          0x0000000000035408        0x0 build/cooja/mtype494.a(rpl-dag-root.o)
 .data          0x0000000000035408        0x0 build/cooja/mtype494.a(watchdog.o)
 .data          0x0000000000035408        0x0 build/cooja/mtype494.a(int-master.o)
 .data          0x0000000000035408       0x10 build/cooja/mtype494.a(coap-timer-defa)
                0x0000000000035408                coap_timer_process
 .data          0x0000000000035418        0x0 build/cooja/mtype494.a(stimer.o)
 .data          0x0000000000035418        0x0 build/cooja/mtype494.a(ringbuf.o)
 .data          0x0000000000035418        0x0 build/cooja/mtype494.a(assert.o)
 .data          0x0000000000035418       0x10 build/cooja/mtype494.a(nbr-table.o)
 .data          0x0000000000035428       0x14 build/cooja/mtype494.a(link-stats.o)
 .data          0x000000000003543c        0x0 build/cooja/mtype494.a(mac-sequence.o)
 .data          0x000000000003543c        0x0 build/cooja/mtype494.a(mac.o)
 .data          0x000000000003543c        0x0 build/cooja/mtype494.a(framer-802154.o)
 .data          0x000000000003543c        0x2 build/cooja/mtype494.a(frame802154.o)
 .data          0x000000000003543e        0x0 build/cooja/mtype494.a(csma-security.o)
 .data          0x000000000003543e        0x0 build/cooja/mtype494.a(uipbuf.o)
 *fill*         0x000000000003543e        0x2 
 .data          0x0000000000035440       0x20 build/cooja/mtype494.a(uip-icmp6.o)
 .data          0x0000000000035460       0x10 build/cooja/mtype494.a(uip-sr.o)
 .data          0x0000000000035470        0xc build/cooja/mtype494.a(uip-packetqueue)
 .data          0x000000000003547c        0x0 build/cooja/mtype494.a(rpl-nbr-policy.)
 .data          0x000000000003547c       0x14 build/cooja/mtype494.a(rpl-neighbor.o)
                0x000000000003548c                rpl_neighbors
 .data          0x0000000000035490        0x0 build/cooja/mtype494.a(rpl-dag.o)
 .data          0x0000000000035490        0x0 build/cooja/mtype494.a(rpl-timers.o)
 .data          0x0000000000035490        0x0 build/cooja/mtype494.a(rpl-ext-header.)
 *fill*         0x0000000000035490       0x10 
 .data          0x00000000000354a0       0x24 build/cooja/mtype494.a(rpl-mrhof.o)
                0x00000000000354a0                rpl_mrhof
 .data          0x00000000000354c4        0x0 /usr/lib/gcc/i686-linux-gnu/5/libgcc.a(_udivdi3.o)
 .data          0x00000000000354c4        0x0 /usr/lib/gcc/i686-linux-gnu/5/crtendS.o
 .data          0x00000000000354c4        0x0 /usr/lib/gcc/i686-linux-gnu/5/../../../i386-linux-gnu/crtn.o

.tm_clone_table
                0x00000000000354c4        0x0
 .tm_clone_table
                0x00000000000354c4        0x0 /usr/lib/gcc/i686-linux-gnu/5/crtbeginS.o
 .tm_clone_table
                0x00000000000354c4        0x0 /usr/lib/gcc/i686-linux-gnu/5/crtendS.o

.data1
 *(.data1)
                0x00000000000354c4                _edata = .
                [!provide]                        PROVIDE (edata, .)
                0x00000000000354c4                . = .
                0x00000000000354c4                __bss_start = .

.bss            0x00000000000354e0    0x13fc4
 *(.dynbss)
 .dynbss        0x00000000000354e0        0x0 /usr/lib/gcc/i686-linux-gnu/5/../../../i386-linux-gnu/crti.o
 *(.bss .bss.* .gnu.linkonce.b.*)
 .bss           0x00000000000354e0        0x0 /usr/lib/gcc/i686-linux-gnu/5/../../../i386-linux-gnu/crti.o
 .bss           0x00000000000354e0        0x1 /usr/lib/gcc/i686-linux-gnu/5/crtbeginS.o
 *fill*         0x00000000000354e1       0x1f 
 .bss           0x0000000000035500      0x16c device.o
                0x0000000000035500                registered
 *fill*         0x000000000003566c       0x14 
 .bss           0x0000000000035680     0x2030 build/cooja/mtype494.o
 .bss           0x00000000000376b0        0x1 build/cooja/mtype494.a(simEnvChange.o)
                0x00000000000376b0                simDontFallAsleep
 *fill*         0x00000000000376b1        0x3 
 .bss           0x00000000000376b4        0x4 build/cooja/mtype494.a(cooja_mt.o)
 .bss           0x00000000000376b8        0x4 build/cooja/mtype494.a(cooja_mtarch.o)
 .bss           0x00000000000376bc        0x0 build/cooja/mtype494.a(rtimer-arch.o)
 .bss           0x00000000000376bc        0x0 build/cooja/mtype494.a(beep.o)
 .bss           0x00000000000376bc        0x1 build/cooja/mtype494.a(leds-arch.o)
                0x00000000000376bc                simLedsValue
 .bss           0x00000000000376bd        0x0 build/cooja/mtype494.a(moteid.o)
 .bss           0x00000000000376bd        0x1 build/cooja/mtype494.a(pir-sensor.o)
                0x00000000000376bd                simPirValue
 *fill*         0x00000000000376be        0x2 
 .bss           0x00000000000376c0        0x4 build/cooja/mtype494.a(rs232.o)
 .bss           0x00000000000376c4        0x1 build/cooja/mtype494.a(vib-sensor.o)
                0x00000000000376c4                simVibValue
 .bss           0x00000000000376c5        0x0 build/cooja/mtype494.a(clock.o)
 *fill*         0x00000000000376c5       0x1b 
 .bss           0x00000000000376e0     0x2020 build/cooja/mtype494.a(cooja-log.o)
 .bss           0x0000000000039700      0xfc0 build/cooja/mtype494.a(cfs-cooja.o)
                0x0000000000039700                simCFSData
                0x000000000003a6a0                simCFSSize
                0x000000000003a6a4                simCFSChanged
                0x000000000003a6a8                simCFSRead
                0x000000000003a6ac                simCFSWritten
 .bss           0x000000000003a6c0       0x24 build/cooja/mtype494.a(cooja-radio.o)
                0x000000000003a6c0                simReceiving
                0x000000000003a6c4                simInSize
                0x000000000003a6c8                simLastPacketTimestamp
                0x000000000003a6d0                simOutSize
 .bss           0x000000000003a6e4        0xc build/cooja/mtype494.a(eeprom.o)
                0x000000000003a6e4                simEEPROMChanged
                0x000000000003a6e8                simEEPROMRead
                0x000000000003a6ec                simEEPROMWritten
 .bss           0x000000000003a6f0        0x0 build/cooja/mtype494.a(random.o)
 .bss           0x000000000003a6f0        0xc build/cooja/mtype494.a(sensors.o)
 .bss           0x000000000003a6fc        0x0 build/cooja/mtype494.a(leds.o)
 .bss           0x000000000003a6fc       0x24 build/cooja/mtype494.a(gpio-hal-arch.o)
 .bss           0x000000000003a720        0x0 build/cooja/mtype494.a(buttons.o)
 .bss           0x000000000003a720        0x1 build/cooja/mtype494.a(cooling.o)
                0x000000000003a720                state
 *fill*         0x000000000003a721        0x3 
 .bss           0x000000000003a724        0x4 build/cooja/mtype494.a(thermostat.o)
 .bss           0x000000000003a728        0x0 build/cooja/mtype494.a(coap-blocking-a)
 *fill*         0x000000000003a728       0x18 
 .bss           0x000000000003a740      0x190 build/cooja/mtype494.a(coap-engine.o)
 .bss           0x000000000003a8d0        0x0 build/cooja/mtype494.a(coap-res-well-k)
 *fill*         0x000000000003a8d0       0x10 
 .bss           0x000000000003a8e0      0x120 build/cooja/mtype494.a(coap-observe.o)
 .bss           0x000000000003aa00       0x18 build/cooja/mtype494.a(coap-uip.o)
 .bss           0x000000000003aa18        0x5 build/cooja/mtype494.a(coap-timer.o)
 *fill*         0x000000000003aa1d        0x3 
 .bss           0x000000000003aa20      0x334 build/cooja/mtype494.a(coap-transactio)
 .bss           0x000000000003ad54        0x6 build/cooja/mtype494.a(coap.o)
                0x000000000003ad54                coap_status_code
 .bss           0x000000000003ad5a        0x0 build/cooja/mtype494.a(contiki-main.o)
 .bss           0x000000000003ad5a        0x0 build/cooja/mtype494.a(autostart.o)
 *fill*         0x000000000003ad5a        0x2 
 .bss           0x000000000003ad5c        0x5 build/cooja/mtype494.a(ctimer.o)
 *fill*         0x000000000003ad61        0x3 
 .bss           0x000000000003ad64       0x2c build/cooja/mtype494.a(log.o)
                0x000000000003ad64                curr_log_level_rpl
                0x000000000003ad68                curr_log_level_tcpip
                0x000000000003ad6c                curr_log_level_ipv6
                0x000000000003ad70                curr_log_level_6lowpan
                0x000000000003ad74                curr_log_level_nullnet
                0x000000000003ad78                curr_log_level_mac
                0x000000000003ad7c                curr_log_level_framer
                0x000000000003ad80                curr_log_level_6top
                0x000000000003ad84                curr_log_level_coap
                0x000000000003ad88                curr_log_level_snmp
                0x000000000003ad8c                curr_log_level_lwm2m
 .bss           0x000000000003ad90        0x0 build/cooja/mtype494.a(energest.o)
 .bss           0x000000000003ad90        0x8 build/cooja/mtype494.a(etimer.o)
 .bss           0x000000000003ad98        0x2 build/cooja/mtype494.a(node-id.o)
                0x000000000003ad98                node_id
 *fill*         0x000000000003ad9a        0x2 
 .bss           0x000000000003ad9c        0x4 build/cooja/mtype494.a(rtimer.o)
 .bss           0x000000000003ada0      0x1a1 build/cooja/mtype494.a(process.o)
                0x000000000003ada0                process_list
                0x000000000003ada4                process_current
 .bss           0x000000000003af41        0x0 build/cooja/mtype494.a(timer.o)
 .bss           0x000000000003af41        0x0 build/cooja/mtype494.a(list.o)
 .bss           0x000000000003af41        0x0 build/cooja/mtype494.a(memb.o)
 *fill*         0x000000000003af41        0x3 
 .bss           0x000000000003af44       0x10 build/cooja/mtype494.a(button-hal.o)
 *fill*         0x000000000003af54        0xc 
 .bss           0x000000000003af60      0x140 build/cooja/mtype494.a(serial-line.o)
 .bss           0x000000000003b0a0        0x4 build/cooja/mtype494.a(gpio-hal.o)
 *fill*         0x000000000003b0a4       0x1c 
 .bss           0x000000000003b0c0     0x2c80 build/cooja/mtype494.a(queuebuf.o)
 .bss           0x000000000003dd40       0xa0 build/cooja/mtype494.a(packetbuf.o)
 .bss           0x000000000003dde0        0x4 build/cooja/mtype494.a(netstack.o)
 .bss           0x000000000003dde4        0x0 build/cooja/mtype494.a(linkaddr.o)
 .bss           0x000000000003dde4        0x0 build/cooja/mtype494.a(csma.o)
 *fill*         0x000000000003dde4       0x1c 
 .bss           0x000000000003de00      0x726 build/cooja/mtype494.a(csma-output.o)
 *fill*         0x000000000003e526        0x2 
 .bss           0x000000000003e528       0x30 build/cooja/mtype494.a(uip-ds6.o)
 .bss           0x000000000003e558        0x0 build/cooja/mtype494.a(uip-udp-packet.)
 *fill*         0x000000000003e558        0x8 
 .bss           0x000000000003e560       0x60 build/cooja/mtype494.a(uip-ds6-route.o)
 .bss           0x000000000003e5c0       0x10 build/cooja/mtype494.a(tcpip.o)
 .bss           0x000000000003e5d0        0x8 build/cooja/mtype494.a(uip6.o)
                0x000000000003e5d0                uip_ext_bitmap
                0x000000000003e5d2                uip_ext_len