Archive member included to satisfy reference by file (symbol)

build/cooja/mtype539.a(simEnvChange.o)
                              build/cooja/mtype539.o (simDontFallAsleep)
build/cooja/mtype539.a(cooja_mt.o)
                              build/cooja/mtype539.o (cooja_mt_start)
build/cooja/mtype539.a(cooja_mtarch.o)
                              build/cooja/mtype539.a(cooja_mt.o) (cooja_mtarch_start)
build/cooja/mtype539.a(rtimer-arch.o)
                              build/cooja/mtype539.o (rtimer_arch_check)
build/cooja/mtype539.a(beep.o)
                              build/cooja/mtype539.o (beep_interface)
build/cooja/mtype539.a(leds-arch.o)
                              build/cooja/mtype539.o (leds_interface)
build/cooja/mtype539.a(moteid.o)
                              build/cooja/mtype539.o (moteid_interface)
build/cooja/mtype539.a(pir-sensor.o)
                              build/cooja/mtype539.o (pir_interface)
build/cooja/mtype539.a(rs232.o)
                              build/cooja/mtype539.o (rs232_interface)
build/cooja/mtype539.a(vib-sensor.o)
                              build/cooja/mtype539.o (vib_interface)
build/cooja/mtype539.a(clock.o)
                              build/cooja/mtype539.o (clock_interface)
build/cooja/mtype539.a(cooja-log.o)
                              build/cooja/mtype539.o (simlog_interface)
build/cooja/mtype539.a(cfs-cooja.o)
                              build/cooja/mtype539.o (cfs_interface)
build/cooja/mtype539.a(cooja-radio.o)
                              build/cooja/mtype539.o (radio_interface)
build/cooja/mtype539.a(eeprom.o)
                              build/cooja/mtype539.o (eeprom_interface)
build/cooja/mtype539.a(random.o)
                              build/cooja/mtype539.a(moteid.o) (random_init)
build/cooja/mtype539.a(sensors.o)
                              build/cooja/mtype539.a(pir-sensor.o) (sensors_changed)
build/cooja/mtype539.a(leds.o)
                              device.o (leds_set)
build/cooja/mtype539.a(gpio-hal-arch.o)
                              build/cooja/mtype539.a(leds-arch.o) (gpio_hal_arch_register_pin_callback)
build/cooja/mtype539.a(buttons.o)
                              build/cooja/mtype539.o (button_interface)
build/cooja/mtype539.a(cooling.o)
                              device.o (cooling)
build/cooja/mtype539.a(thermostat.o)
                              device.o (thermostat)
build/cooja/mtype539.a(coap-blocking-a)
                              device.o (coap_blocking_request)
build/cooja/mtype539.a(coap-engine.o)
                              device.o (coap_activate_resource)
build/cooja/mtype539.a(coap-res-well-k)
                              build/cooja/mtype539.a(coap-engine.o) (res_well_known_core)
build/cooja/mtype539.a(coap-observe.o)
                              build/cooja/mtype539.a(coap-engine.o) (coap_remove_observer_by_mid)
build/cooja/mtype539.a(coap-uip.o)
                              build/cooja/mtype539.a(coap-observe.o) (coap_endpoint_copy)
build/cooja/mtype539.a(coap-timer.o)
                              build/cooja/mtype539.a(coap-engine.o) (coap_timer_set)
build/cooja/mtype539.a(coap-transactio)
                              build/cooja/mtype539.a(coap-blocking-a) (coap_send_transaction)
build/cooja/mtype539.a(coap.o)
                              build/cooja/mtype539.a(coap-engine.o) (coap_status_code)
build/cooja/mtype539.a(contiki-main.o)
                              build/cooja/mtype539.o (main)
build/cooja/mtype539.a(autostart.o)
                              build/cooja/mtype539.a(contiki-main.o) (autostart_start)
build/cooja/mtype539.a(ctimer.o)
                              build/cooja/mtype539.a(contiki-main.o) (ctimer_init)
build/cooja/mtype539.a(log.o)
                              build/cooja/mtype539.a(contiki-main.o) (curr_log_level_main)
build/cooja/mtype539.a(energest.o)
                              build/cooja/mtype539.a(contiki-main.o) (energest_init)
build/cooja/mtype539.a(etimer.o)
                              build/cooja/mtype539.a(contiki-main.o) (etimer_process)
build/cooja/mtype539.a(node-id.o)
                              build/cooja/mtype539.a(contiki-main.o) (node_id)
build/cooja/mtype539.a(rtimer.o)
                              build/cooja/mtype539.a(contiki-main.o) (rtimer_init)
build/cooja/mtype539.a(process.o)
                              build/cooja/mtype539.a(coap-blocking-a) (process_current)
build/cooja/mtype539.a(timer.o)
                              build/cooja/mtype539.a(etimer.o) (timer_set)
build/cooja/mtype539.a(list.o)
                              build/cooja/mtype539.a(coap-engine.o) (list_init)
build/cooja/mtype539.a(memb.o)
                              build/cooja/mtype539.a(coap-observe.o) (memb_alloc)
build/cooja/mtype539.a(button-hal.o)
                              build/cooja/mtype539.o (button_hal_init)
build/cooja/mtype539.a(serial-line.o)
                              build/cooja/mtype539.a(rs232.o) (serial_line_input_byte)
[...]
Memory Configuration

Name             Origin             Length             Attributes
*default*        0x0000000000000000 0xffffffffffffffff

Linker script and memory map

LOAD /usr/lib/gcc/i686-linux-gnu/5/../../../i386-linux-gnu/crti.o
LOAD /usr/lib/gcc/i686-linux-gnu/5/crtbeginS.o
LOAD device.o
LOAD build/cooja/mtype539.o
LOAD build/cooja/mtype539.a
LOAD /usr/lib/gcc/i686-linux-gnu/5/libgcc.a
LOAD /usr/lib/gcc/i686-linux-gnu/5/libgcc_s.so
LOAD /usr/lib/gcc/i686-linux-gnu/5/../../../i386-linux-gnu/libc.so
START GROUP
LOAD /lib/i386-linux-gnu/libc.so.6
LOAD /usr/lib/i386-linux-gnu/libc_nonshared.a
LOAD /lib/i386-linux-gnu/ld-linux.so.2
END GROUP
LOAD /usr/lib/gcc/i686-linux-gnu/5/libgcc.a
LOAD /usr/lib/gcc/i686-linux-gnu/5/libgcc_s.so
LOAD /usr/lib/gcc/i686-linux-gnu/5/crtendS.o
LOAD /usr/lib/gcc/i686-linux-gnu/5/../../../i386-linux-gnu/crtn.o
                0x0000000000000114                . = (0x0 + SIZEOF_HEADERS)

.note.gnu.build-id
                0x0000000000000114       0x24
 *(.note.gnu.build-id)
 .note.gnu.build-id
                0x0000000000000114       0x24 /usr/lib/gcc/i686-linux-gnu/5/../../../i386-linux-gnu/crti.o

.hash
 *(.hash)

.gnu.hash       0x0000000000000138     0x159c
 *(.gnu.hash)
 .gnu.hash      0x0000000000000138     0x159c /usr/lib/gcc/i686-linux-gnu/5/../../../i386-linux-gnu/crti.o

.dynsym         0x00000000000016d4     0x2ef0
 *(.dynsym)
 .dynsym        0x00000000000016d4     0x2ef0 /usr/lib/gcc/i686-linux-gnu/5/../../../i386-linux-gnu/crti.o

.dynstr         0x00000000000045c4     0x369d
 *(.dynstr)
 .dynstr        0x00000000000045c4     0x369d /usr/lib/gcc/i686-linux-gnu/5/../../../i386-linux-gnu/crti.o

.gnu.version    0x0000000000007c62      0x5de
 *(.gnu.version)
 .gnu.version   0x0000000000007c62      0x5de /usr/lib/gcc/i686-linux-gnu/5/../../../i386-linux-gnu/crti.o

.gnu.version_d  0x0000000000008240        0x0
 *(.gnu.version_d)
 .gnu.version_d
                0x0000000000008240        0x0 /usr/lib/gcc/i686-linux-gnu/5/../../../i386-linux-gnu/crti.o

.gnu.version_r  0x0000000000008240       0x40
 *(.gnu.version_r)
 .gnu.version_r
                0x0000000000008240       0x40 /usr/lib/gcc/i686-linux-gnu/5/../../../i386-linux-gnu/crti.o

.rel.dyn        0x0000000000008280     0x93b0
 *(.rel.init)
 .rel.init      0x0000000000008280        0x0 /usr/lib/gcc/i686-linux-gnu/5/../../../i386-linux-gnu/crti.o
 *(.rel.text .rel.text.* .rel.gnu.linkonce.t.*)
 .rel.text      0x0000000000008280     0x89e0 /usr/lib/gcc/i686-linux-gnu/5/../../../i386-linux-gnu/crti.o
 *(.rel.fini)
 .rel.fini      0x0000000000010c60        0x0 /usr/lib/gcc/i686-linux-gnu/5/../../../i386-linux-gnu/crti.o
 *(.rel.rodata .rel.rodata.* .rel.gnu.linkonce.r.*)
 .rel.rodata    0x0000000000010c60      0x588 /usr/lib/gcc/i686-linux-gnu/5/../../../i386-linux-gnu/crti.o
 *(.rel.data.rel.ro .rel.data.rel.ro.* .rel.gnu.linkonce.d.rel.ro.*)
 *(.rel.data .rel.data.* .rel.gnu.linkonce.d.*)
 .rel.data.rel.local
                0x00000000000111e8        0x8 /usr/lib/gcc/i686-linux-gnu/5/../../../i386-linux-gnu/crti.o
 .rel.data      0x00000000000111f0      0x408 /usr/lib/gcc/i686-linux-gnu/5/../../../i386-linux-gnu/crti.o
 *(.rel.tdata .rel.tdata.* .rel.gnu.linkonce.td.*)
 *(.rel.tbss .rel.tbss.* .rel.gnu.linkonce.tb.*)
 *(.rel.ctors)
 *(.rel.dtors)
 *(.rel.got)
 .rel.got       0x00000000000115f8       0x28 /usr/lib/gcc/i686-linux-gnu/5/../../../i386-linux-gnu/crti.o
 *(.rel.bss .rel.bss.* .rel.gnu.linkonce.b.*)
 *(.rel.ifunc)
 .rel.ifunc     0x0000000000011620        0x0 /usr/lib/gcc/i686-linux-gnu/5/../../../i386-linux-gnu/crti.o
 .rel.fini_array
                0x0000000000011620        0x8 /usr/lib/gcc/i686-linux-gnu/5/../../../i386-linux-gnu/crti.o
 .rel.init_array
                0x0000000000011628        0x8 /usr/lib/gcc/i686-linux-gnu/5/../../../i386-linux-gnu/crti.o

.rel.plt        0x0000000000011630        0x0
 *(.rel.plt)
 .rel.plt       0x0000000000011630        0x0 /usr/lib/gcc/i686-linux-gnu/5/../../../i386-linux-gnu/crti.o
 *(.rel.iplt)

.init           0x0000000000011630       0x23
 *(SORT(.init))
 .init          0x0000000000011630       0x1e /usr/lib/gcc/i686-linux-gnu/5/../../../i386-linux-gnu/crti.o
                0x0000000000011630                _init
 .init          0x000000000001164e        0x5 /usr/lib/gcc/i686-linux-gnu/5/../../../i386-linux-gnu/crtn.o

.plt            0x0000000000011660       0x10
 *(.plt)
 .plt           0x0000000000011660       0x10 /usr/lib/gcc/i686-linux-gnu/5/../../../i386-linux-gnu/crti.o
 *(.iplt)

.plt.got        0x0000000000011670       0x10
 *(.plt.got)
 .plt.got       0x0000000000011670       0x10 /usr/lib/gcc/i686-linux-gnu/5/../../../i386-linux-gnu/crti.o

.text           0x0000000000011680    0x189c2
 *(.text.unlikely .text.*_unlikely .text.unlikely.*)
 .text.unlikely
                0x0000000000011680        0x0 /usr/lib/gcc/i686-linux-gnu/5/crtbeginS.o
 .text.unlikely
                0x0000000000011680        0x0 /usr/lib/gcc/i686-linux-gnu/5/libgcc.a(_udivdi3.o)
 *(.text.exit .text.exit.*)
 *(.text.startup .text.startup.*)
 *(.text.hot .text.hot.*)
 *(.text .stub .text.* .gnu.linkonce.t.*)
 .text          0x0000000000011680        0x0 /usr/lib/gcc/i686-linux-gnu/5/../../../i386-linux-gnu/crti.o
 .gnu.linkonce.t.__x86.get_pc_thunk.bx
                0x0000000000011680        0x4 /usr/lib/gcc/i686-linux-gnu/5/../../../i386-linux-gnu/crti.o
                0x0000000000011680                __x86.get_pc_thunk.bx
 *fill*         0x0000000000011684        0xc 
 .text          0x0000000000011690      0x11c /usr/lib/gcc/i686-linux-gnu/5/crtbeginS.o
 .text.__x86.get_pc_thunk.dx
                0x00000000000117ac        0x4 /usr/lib/gcc/i686-linux-gnu/5/crtbeginS.o
                0x00000000000117ac                __x86.get_pc_thunk.dx
 .text          0x00000000000117b0      0x2b8 device.o
                0x00000000000117b0                client_chunk_handler
 .text          0x0000000000011a68      0x283 build/cooja/mtype539.o
                0x0000000000011afa                platform_init_stage_one
                0x0000000000011b0d                platform_init_stage_two
                0x0000000000011b20                platform_init_stage_three
                0x0000000000011b33                platform_main_loop
                0x0000000000011ba6                Java_org_contikios_cooja_corecomm_Lib2_init
                0x0000000000011bdd                Java_org_contikios_cooja_corecomm_Lib2_getMemory
                0x0000000000011c10                Java_org_contikios_cooja_corecomm_Lib2_setMemory
                0x0000000000011c70                Java_org_contikios_cooja_corecomm_Lib2_tick
                0x0000000000011cd8                Java_org_contikios_cooja_corecomm_Lib2_setReferenceAddress
 .text          0x0000000000011ceb       0x65 build/cooja/mtype539.a(simEnvChange.o)
                0x0000000000011ceb                doActionsBeforeTick
                0x0000000000011d1d                doActionsAfterTick
 .text          0x0000000000011d50       0x83 build/cooja/mtype539.a(cooja_mt.o)
                0x0000000000011d50                cooja_mt_start
                0x0000000000011d7a                cooja_mt_exec
                0x0000000000011db0                cooja_mt_yield
 .text          0x0000000000011dd3       0xbe build/cooja/mtype539.a(cooja_mtarch.o)
                0x0000000000011dd3                cooja_mtarch_start
                0x0000000000011e46                cooja_sw
                0x0000000000011e69                cooja_mtarch_exec
                0x0000000000011e86                cooja_mtarch_yield
 .text          0x0000000000011e91       0xc5 build/cooja/mtype539.a(rtimer-arch.o)
                0x0000000000011e91                rtimer_arch_init
                0x0000000000011eb5                rtimer_arch_schedule
                0x0000000000011ee5                rtimer_arch_next
                0x0000000000011ef5                rtimer_arch_pending
                0x0000000000011eff                rtimer_arch_check
                0x0000000000011f46                rtimer_arch_now
 .text          0x0000000000011f56       0x81 build/cooja/mtype539.a(beep.o)
                0x0000000000011f56                beep_alarm
                0x0000000000011f63                beep_beep
                0x0000000000011f70                beep
                0x0000000000011f7d                beep_down
                0x0000000000011f8a                beep_on
                0x0000000000011f97                beep_off
                0x0000000000011fa4                beep_spinup
                0x0000000000011fb1                beep_quick
                0x0000000000011fbe                beep_long
 .text          0x0000000000011fd7       0x65 build/cooja/mtype539.a(leds-arch.o)
                0x0000000000011fea                leds_arch_init
 .text          0x000000000001203c       0x35 build/cooja/mtype539.a(moteid.o)
 .text          0x0000000000012071       0xb7 build/cooja/mtype539.a(pir-sensor.o)
 .text          0x0000000000012128      0x148 build/cooja/mtype539.a(rs232.o)
                0x0000000000012128                rs232_init
                0x000000000001212e                rs232_set_speed
                0x000000000001213d                rs232_set_input
                0x000000000001214b                rs232_send
                0x000000000001216f                rs232_print
                0x000000000001218b                slip_arch_writeb
 .text          0x0000000000012270       0xb7 build/cooja/mtype539.a(vib-sensor.o)
 .text          0x0000000000012327       0x38 build/cooja/mtype539.a(clock.o)
                0x0000000000012327                clock_init
                0x000000000001232d                clock_time
                0x0000000000012337                clock_seconds
                0x000000000001234d                clock_delay
 .text          0x000000000001235f      0x219 build/cooja/mtype539.a(cooja-log.o)
                0x000000000001235f                simlog_char
                0x00000000000123a2                simlog
                0x0000000000012418                log_message
                0x0000000000012449                log_set_putchar_with_slip
                0x0000000000012457                log_putchar
                0x00000000000124d2                log_puts
                0x00000000000124fa                log_printf
 .text          0x0000000000012578      0x2b9 build/cooja/mtype539.a(cfs-cooja.o)
                0x0000000000012578                cfs_open
                0x00000000000125e1                cfs_close
                0x00000000000125ee                cfs_read
                0x0000000000012683                cfs_write
                0x000000000001275f                cfs_seek
                0x00000000000127e7                cfs_remove
                0x000000000001280b                cfs_opendir
                0x0000000000012815                cfs_readdir
                0x000000000001281f                cfs_closedir
 .text          0x0000000000012831      0x620 build/cooja/mtype539.a(cooja-radio.o)
                0x0000000000012873                radio_set_channel
                0x0000000000012881                radio_set_txpower
                0x0000000000012899                radio_signal_strength_last
                0x00000000000128a3                radio_signal_strength_current
                0x00000000000128ad                radio_LQI
 .text          0x0000000000012e51       0xee build/cooja/mtype539.a(eeprom.o)
                0x0000000000012e51                eeprom_init
                0x0000000000012e57                eeprom_read
                0x0000000000012ec5                eeprom_write
 .text          0x0000000000012f3f       0x2d build/cooja/mtype539.a(random.o)
                0x0000000000012f3f                random_init
                0x0000000000012f5f                random_rand
 .text          0x0000000000012f6c      0x29c build/cooja/mtype539.a(sensors.o)
                0x0000000000012fa7                sensors_first
                0x0000000000012fb1                sensors_next
                0x0000000000012fcb                sensors_changed
                0x0000000000012fff                sensors_find
 .text          0x0000000000013208      0x349 build/cooja/mtype539.a(leds.o)
                0x0000000000013208                leds_init
                0x000000000001324f                leds_single_on
                0x00000000000132ae                leds_single_off
                0x000000000001330d                leds_single_toggle
                0x000000000001333f                leds_on
                0x00000000000133c1                leds_off
                0x0000000000013443                leds_toggle
                0x0000000000013498                leds_set
                0x00000000000134c4                leds_get
 .text          0x0000000000013551      0x343 build/cooja/mtype539.a(gpio-hal-arch.o)
                0x0000000000013551                gpio_hal_arch_register_pin_callback
                0x00000000000135bd                gpio_hal_arch_init
                0x0000000000013602                gpio_hal_arch_no_port_interrupt_enable
                0x0000000000013632                gpio_hal_arch_no_port_interrupt_disable
                0x0000000000013662                gpio_hal_arch_no_port_pin_cfg_set
                0x0000000000013687                gpio_hal_arch_no_port_pin_cfg_get
                0x00000000000136ad                gpio_hal_arch_no_port_pin_set_input
                0x00000000000136bf                gpio_hal_arch_no_port_pin_set_output
                0x00000000000136d1                gpio_hal_arch_no_port_set_pin
                0x00000000000136f2                gpio_hal_arch_no_port_clear_pin
                0x0000000000013713                gpio_hal_arch_no_port_read_pin
                0x0000000000013739                gpio_hal_arch_no_port_write_pin
                0x0000000000013763                gpio_hal_arch_no_port_set_pins
                0x00000000000137aa                gpio_hal_arch_no_port_clear_pins
                0x00000000000137f1                gpio_hal_arch_no_port_read_pins
                0x0000000000013834                gpio_hal_arch_no_port_write_pins
 .text          0x0000000000013894       0x89 build/cooja/mtype539.a(buttons.o)
 .text          0x000000000001391d      0x38f build/cooja/mtype539.a(cooling.o)
 .text          0x0000000000013cac      0x2c2 build/cooja/mtype539.a(thermostat.o)
                0x0000000000013cac                generate_random_temperature
 .text          0x0000000000013f6e      0x27b build/cooja/mtype539.a(coap-blocking-a)
                0x0000000000013f6e                coap_blocking_request_callback
                0x0000000000013f98                coap_blocking_request
 .text          0x00000000000141e9      0xbea build/cooja/mtype539.a(coap-engine.o)
                0x000000000001427e                coap_add_handler
                0x000000000001429b                coap_remove_handler
                0x00000000000142b8                coap_call_handlers
                0x00000000000143c0                coap_receive
                0x00000000000149bb                coap_engine_init
                0x0000000000014a19                coap_activate_resource
                0x0000000000014ac4                coap_get_first_resource
                0x0000000000014add                coap_get_next_resource
 .text          0x0000000000014dd3      0x2d9 build/cooja/mtype539.a(coap-res-well-k)
 .text          0x00000000000150ac      0x96a build/cooja/mtype539.a(coap-observe.o)
                0x00000000000151c1                coap_remove_observer
                0x00000000000151f1                coap_remove_observer_by_client
                0x0000000000015259                coap_remove_observer_by_token
                0x00000000000152ec                coap_remove_observer_by_uri
                0x0000000000015393                coap_remove_observer_by_mid
                0x000000000001540f                coap_notify_observers
                0x0000000000015428                coap_notify_observers_sub
                0x0000000000015892                coap_observe_handler
                0x00000000000159ad                coap_has_observers
 .text          0x0000000000015a16      0x733 build/cooja/mtype539.a(coap-uip.o)
                0x0000000000015a16                coap_endpoint_log
                0x0000000000015a9c                coap_endpoint_print
                0x0000000000015b22                coap_endpoint_snprint
                0x0000000000015c55                coap_endpoint_copy
                0x0000000000015c92                coap_endpoint_cmp
                0x0000000000015da0                coap_endpoint_parse
                0x0000000000015f8b                coap_endpoint_is_secure
                0x0000000000015f9a                coap_endpoint_is_connected
                0x0000000000015fce                coap_endpoint_connect
                0x0000000000015fea                coap_endpoint_disconnect
                0x0000000000015ff0                coap_databuf
                0x0000000000015ffa                coap_transport_init
                0x000000000001604a                coap_sendto
 .text          0x0000000000016149      0x324 build/cooja/mtype539.a(coap-timer.o)
                0x0000000000016246                coap_timer_stop
                0x0000000000016271                coap_timer_set
                0x00000000000162b4                coap_timer_reset
                0x00000000000162f7                coap_timer_time_to_next_expiration
                0x0000000000016363                coap_timer_run
                0x000000000001642f                coap_timer_init
 .text          0x000000000001646d      0x2c6 build/cooja/mtype539.a(coap-transactio)
                0x00000000000164d3                coap_new_transaction
                0x0000000000016539                coap_send_transaction
                0x000000000001669a                coap_clear_transaction
                0x00000000000166e2                coap_get_transaction_by_mid
 .text          0x0000000000016733     0x1c53 build/cooja/mtype539.a(coap.o)
                0x0000000000016ca0                coap_init_connection
                0x0000000000016cb4                coap_get_mid
                0x0000000000016cd0                coap_init_message
                0x0000000000016d19                coap_serialize_message
                0x000000000001739b                coap_parse_message
                0x0000000000017a02                coap_get_query_variable
                0x0000000000017a44                coap_get_post_variable
                0x0000000000017a88                coap_set_status_code
                0x0000000000017aad                coap_set_token
                0x0000000000017af4                coap_get_header_content_format
                0x0000000000017b25                coap_set_header_content_format
                0x0000000000017b48                coap_get_header_accept
                0x0000000000017b79                coap_set_header_accept
                0x0000000000017b9c                coap_get_header_max_age
                0x0000000000017bcd                coap_set_header_max_age
                0x0000000000017bed                coap_get_header_etag
                0x0000000000017c1f                coap_set_header_etag
                0x0000000000017c76                coap_get_header_if_match
                0x0000000000017ca8                coap_set_header_if_match
                0x0000000000017cff                coap_get_header_if_none_match
                0x0000000000017d19                coap_set_header_if_none_match
                0x0000000000017d30                coap_get_header_proxy_uri
                0x0000000000017d5e                coap_set_header_proxy_uri
                0x0000000000017d9b                coap_get_header_uri_host
                0x0000000000017dc9                coap_set_header_uri_host
                0x0000000000017e06                coap_get_header_uri_path
                0x0000000000017e34                coap_set_header_uri_path
                0x0000000000017e81                coap_get_header_uri_query
                0x0000000000017eb5                coap_set_header_uri_query
                0x0000000000017f0b                coap_get_header_location_path
                0x0000000000017f39                coap_set_header_location_path
                0x0000000000017fd2                coap_get_header_location_query
                0x0000000000018000                coap_set_header_location_query
                0x000000000001804d                coap_get_header_observe
                0x000000000001807c                coap_set_header_observe
                0x000000000001809c                coap_get_header_block2
                0x0000000000018108                coap_set_header_block2
                0x000000000001817f                coap_get_header_block1
                0x00000000000181f4                coap_set_header_block1
                0x000000000001826f                coap_get_header_size2
                0x000000000001829f                coap_set_header_size2
                0x00000000000182c2                coap_get_header_size1
                0x00000000000182f2                coap_set_header_size1
                0x0000000000018315                coap_get_payload
                0x000000000001834f                coap_set_payload
 .text          0x0000000000018386      0x332 build/cooja/mtype539.a(contiki-main.o)
                0x0000000000018386                main
 .text          0x00000000000186b8       0x92 build/cooja/mtype539.a(autostart.o)
                0x00000000000186b8                autostart_start
                0x0000000000018702                autostart_exit
 .text          0x000000000001874a      0x355 build/cooja/mtype539.a(ctimer.o)
                0x0000000000018872                ctimer_init
                0x00000000000188a5                ctimer_set
                0x00000000000188cb                ctimer_set_with_process
                0x0000000000018948                ctimer_reset
                0x000000000001899c                ctimer_restart
                0x00000000000189f0                ctimer_stop
                0x0000000000018a40                ctimer_expired
 .text          0x0000000000018a9f      0x394 build/cooja/mtype539.a(log.o)
                0x0000000000018a9f                log_6addr
                0x0000000000018af2                log_6addr_compact_snprint
                0x0000000000018b90                log_6addr_compact
                0x0000000000018be3                log_lladdr
                0x0000000000018c55                log_lladdr_compact
                0x0000000000018cbd                log_set_level
                0x0000000000018d78                log_get_level
                0x0000000000018df1                log_level_to_str
 .text          0x0000000000018e33       0x1b build/cooja/mtype539.a(energest.o)
                0x0000000000018e33                energest_init
                0x0000000000018e39                energest_flush
                0x0000000000018e3f                energest_get_total_time
 .text          0x0000000000018e4e      0x43f build/cooja/mtype539.a(etimer.o)
                0x0000000000019072                etimer_request_poll
                0x00000000000190fb                etimer_set
                0x0000000000019124                etimer_reset_with_new_interval
                0x0000000000019153                etimer_reset
                0x0000000000019179                etimer_restart
                0x000000000001919f                etimer_adjust
                0x00000000000191bc                etimer_expired
                0x00000000000191cf                etimer_expiration_time
                0x00000000000191e1                etimer_start_time
                0x00000000000191eb                etimer_pending
                0x00000000000191fd                etimer_next_expiration_time
                0x0000000000019217                etimer_stop
 .text          0x000000000001928d       0x25 build/cooja/mtype539.a(node-id.o)
                0x000000000001928d                node_id_init
 .text          0x00000000000192b2       0xeb build/cooja/mtype539.a(rtimer.o)
                0x00000000000192b2                rtimer_init
                0x00000000000192c0                rtimer_set
                0x000000000001933b                rtimer_run_next
 .text          0x000000000001939d      0x4fb build/cooja/mtype539.a(process.o)
                0x000000000001939d                process_alloc_event
                0x00000000000193b2                process_start
                0x000000000001958c                process_exit
                0x00000000000195a9                process_init
                0x000000000001973e                process_run
                0x0000000000019771                process_nevents
                0x000000000001978c                process_post
                0x000000000001981f                process_post_synch
                0x0000000000019854                process_poll
                0x0000000000019884                process_is_running
 .text          0x0000000000019898       0xb1 build/cooja/mtype539.a(timer.o)
                0x0000000000019898                timer_set
                0x00000000000198b6                timer_reset
                0x00000000000198e3                timer_restart
                0x00000000000198f8                timer_expired
                0x0000000000019925                timer_remaining
 .text          0x0000000000019949      0x28f build/cooja/mtype539.a(list.o)
                0x0000000000019949                list_init
                0x0000000000019958                list_head
                0x0000000000019962                list_copy
                0x0000000000019972                list_tail
                0x00000000000199a8                list_add
                0x00000000000199f4                list_push
                0x0000000000019a20                list_chop
                0x0000000000019a8a                list_pop
                0x0000000000019ab2                list_remove
                0x0000000000019b1a                list_length
                0x0000000000019b48                list_insert
                0x0000000000019b8d                list_item_next
                0x0000000000019ba4                list_contains
 .text          0x0000000000019bd8      0x1b5 build/cooja/mtype539.a(memb.o)
                0x0000000000019bd8                memb_init
                0x0000000000019c2d                memb_alloc
                0x0000000000019c90                memb_free
                0x0000000000019d07                memb_inmemb
                0x0000000000019d46                memb_numfree
 .text          0x0000000000019d8d      0x41c build/cooja/mtype539.a(button-hal.o)
                0x0000000000019f06                button_hal_get_by_id
                0x0000000000019f44                button_hal_get_by_index
                0x0000000000019f70                button_hal_get_state
                0x0000000000019fc2                button_hal_init
 .text          0x000000000001a1a9      0x1f3 build/cooja/mtype539.a(serial-line.o)
                0x000000000001a1a9                serial_line_input_byte
                0x000000000001a367                serial_line_init
 .text          0x000000000001a39c      0x168 build/cooja/mtype539.a(gpio-hal.o)
                0x000000000001a39c                gpio_hal_register_handler
                0x000000000001a3b9                gpio_hal_event_handler
                0x000000000001a415                gpio_hal_init
                0x000000000001a434                gpio_hal_arch_port_toggle_pin
                0x000000000001a470                gpio_hal_arch_port_toggle_pins
                0x000000000001a49e                gpio_hal_arch_no_port_toggle_pin
                0x000000000001a4dc                gpio_hal_arch_no_port_toggle_pins
 .text          0x000000000001a504      0x2e7 build/cooja/mtype539.a(queuebuf.o)
                0x000000000001a50e                queuebuf_init
                0x000000000001a537                queuebuf_numfree
                0x000000000001a54f                queuebuf_new_from_packetbuf
                0x000000000001a5ee                queuebuf_update_attr_from_packetbuf
                0x000000000001a623                queuebuf_update_from_packetbuf
                0x000000000001a673                queuebuf_free
                0x000000000001a6bc                queuebuf_to_packetbuf
                0x000000000001a728                queuebuf_dataptr
                0x000000000001a762                queuebuf_datalen
                0x000000000001a785                queuebuf_addr
                0x000000000001a7ba                queuebuf_attr
                0x000000000001a7e5                queuebuf_debug_print
 .text          0x000000000001a7eb      0x407 build/cooja/mtype539.a(packetbuf.o)
                0x000000000001a7eb                packetbuf_clear
                0x000000000001a816                packetbuf_copyfrom
                0x000000000001a865                packetbuf_copyto
                0x000000000001a8f8                packetbuf_hdralloc
                0x000000000001a974                packetbuf_hdrreduce
                0x000000000001a9ba                packetbuf_set_datalen
                0x000000000001a9d4                packetbuf_dataptr
                0x000000000001a9f1                packetbuf_hdrptr
                0x000000000001a9fb                packetbuf_datalen
                0x000000000001aa07                packetbuf_hdrlen
                0x000000000001aa1e                packetbuf_totlen
                0x000000000001aa34                packetbuf_remaininglen
                0x000000000001aa47                packetbuf_attr_clear
                0x000000000001aa93                packetbuf_attr_copyto
                0x000000000001aaeb                packetbuf_attr_copyfrom
                0x000000000001ab43                packetbuf_set_attr
                0x000000000001ab6d                packetbuf_attr
                0x000000000001ab87                packetbuf_set_addr
                0x000000000001abb8                packetbuf_addr
                0x000000000001abd5                packetbuf_holds_broadcast
 .text          0x000000000001abf2       0xef build/cooja/mtype539.a(netstack.o)
                0x000000000001abf2                netstack_process_ip_callback
                0x000000000001ac83                netstack_ip_packet_processor_add
                0x000000000001aca6                uip_ds6_ip_packet_processor_rm
                0x000000000001acc3                netstack_init
 .text          0x000000000001ace1       0x4f build/cooja/mtype539.a(linkaddr.o)
                0x000000000001ace1                linkaddr_copy
                0x000000000001acf7                linkaddr_cmp
                0x000000000001ad1a                linkaddr_set_node_addr
 .text          0x000000000001ad30      0x1f6 build/cooja/mtype539.a(csma.o)
 .text          0x000000000001af26      0x95d build/cooja/mtype539.a(csma-output.o)
                0x000000000001b5bd                csma_output_packet
                0x000000000001b84a                csma_output_init
 .text          0x000000000001b883      0xc11 build/cooja/mtype539.a(uip-ds6.o)
                0x000000000001b883                uip_ds6_default_prefix
                0x000000000001b88d                uip_ds6_set_default_prefix
                0x000000000001b8b8                uip_ds6_init
                0x000000000001bb1a                uip_ds6_periodic
                0x000000000001bba1                uip_ds6_list_loop
                0x000000000001bc61                uip_ds6_prefix_add
                0x000000000001bd0d                uip_ds6_prefix_rm
                0x000000000001bd20                uip_ds6_prefix_lookup
                0x000000000001bd5f                uip_ds6_is_addr_onlink
                0x000000000001bdd2                uip_ds6_addr_add
                0x000000000001bef2                uip_ds6_addr_rm
                0x000000000001bf9b                uip_ds6_addr_lookup
                0x000000000001bfd4                uip_ds6_get_link_local
                0x000000000001c055                uip_ds6_get_global
                0x000000000001c0d6                uip_ds6_maddr_add
                0x000000000001c136                uip_ds6_maddr_rm
                0x000000000001c149                uip_ds6_maddr_lookup
                0x000000000001c182                uip_ds6_aaddr_add
                0x000000000001c1e2                uip_ds6_aaddr_rm
                0x000000000001c1f5                uip_ds6_aaddr_lookup
                0x000000000001c22e                uip_ds6_select_src
                0x000000000001c377                uip_ds6_set_addr_iid
                0x000000000001c3a2                uip_ds6_set_lladdr_from_iid
                0x000000000001c3cb                get_match_length
                0x000000000001c45c                uip_ds6_compute_reachable_time
 .text          0x000000000001c494      0x128 build/cooja/mtype539.a(uip-udp-packet.)
                0x000000000001c494                uip_udp_packet_send
                0x000000000001c4ef                uip_udp_packet_sendto
 .text          0x000000000001c5bc      0x35b build/cooja/mtype539.a(uip-ds6-route.o)
                0x000000000001c60d                uip_ds6_route_init
                0x000000000001c637                uip_ds6_route_nexthop
                0x000000000001c641                uip_ds6_route_head
                0x000000000001c64b                uip_ds6_route_next
                0x000000000001c655                uip_ds6_route_is_nexthop
                0x000000000001c65f                uip_ds6_route_num_routes
                0x000000000001c669                uip_ds6_route_lookup
                0x000000000001c673                uip_ds6_route_add
                0x000000000001c686                uip_ds6_route_rm
                0x000000000001c68c                uip_ds6_route_rm_by_nexthop
                0x000000000001c692                uip_ds6_defrt_head
                0x000000000001c6ab                uip_ds6_defrt_add
                0x000000000001c759                uip_ds6_defrt_rm
                0x000000000001c7bf                uip_ds6_defrt_lookup
                0x000000000001c826                uip_ds6_defrt_choose
                0x000000000001c89c                uip_ds6_defrt_periodic
 .text          0x000000000001c917      0x6f7 build/cooja/mtype539.a(tcpip.o)
                0x000000000001c931                tcpip_output
                0x000000000001c9b0                udp_attach
                0x000000000001c9c8                udp_new
                0x000000000001ca12                udp_broadcast_new
                0x000000000001cb84                tcpip_input
                0x000000000001cd14                tcpip_ipv6_output
                0x000000000001cf08                tcpip_poll_udp
                0x000000000001cf26                tcpip_uipcall
 .text          0x000000000001d00e     0x1205 build/cooja/mtype539.a(uip6.o)
                0x000000000001d0bd                uip_chksum
                0x000000000001d194                uip_icmp6chksum
                0x000000000001d1a9                uip_udpchksum
                0x000000000001d1be                uip_init
                0x000000000001d207                uip_remove_ext_hdr
                0x000000000001d2e1                uip_udp_new
                0x000000000001d5f5                uip_process
                0x000000000001e0ed                uip_htons
                0x000000000001e10f                uip_htonl
                0x000000000001e14d                uip_send
 .text          0x000000000001e213      0x369 build/cooja/mtype539.a(uip-ds6-nbr.o)
                0x000000000001e213                uip_ds6_neighbors_init
                0x000000000001e237                uip_ds6_nbr_add
                0x000000000001e2bd                uip_ds6_nbr_rm
                0x000000000001e308                uip_ds6_nbr_update_ll
                0x000000000001e3f6                uip_ds6_nbr_get_ipaddr
                0x000000000001e40b                uip_ds6_nbr_get_ll
                0x000000000001e427                uip_ds6_nbr_num
                0x000000000001e470                uip_ds6_nbr_head
                0x000000000001e489                uip_ds6_nbr_next
                0x000000000001e4a5                uip_ds6_nbr_lookup
                0x000000000001e4fd                uip_ds6_nbr_ll_lookup
                0x000000000001e519                uip_ds6_nbr_ipaddr_from_lladdr
                0x000000000001e542                uip_ds6_nbr_lladdr_from_ipaddr
                0x000000000001e576                uip_ds6_link_callback
 .text          0x000000000001e57c      0x6a7 build/cooja/mtype539.a(uip-nd6.o)
                0x000000000001ec0a                uip_nd6_init
 .text          0x000000000001ec23     0x2c17 build/cooja/mtype539.a(sicslowpan.o)
                0x000000000001f22a                netstack_sniffer_add
                0x000000000001f238                netstack_sniffer_remove
                0x000000000002180e                sicslowpan_init
                0x0000000000021830                sicslowpan_get_last_rssi
 .text          0x000000000002183a      0x4d1 build/cooja/mtype539.a(uiplib.o)
                0x000000000002183a                uiplib_ip6addrconv
                0x00000000000219f2                uiplib_ip4addrconv
                0x0000000000021ab5                uiplib_ipaddr_print
                0x0000000000021b08                uiplib_ipaddr_snprint
 .text          0x0000000000021d0b      0x4c9 build/cooja/mtype539.a(rpl.o)
                0x0000000000021d0b                rpl_lollipop_greater_than
                0x0000000000021d65                rpl_get_global_address
                0x0000000000021e5d                rpl_link_callback
                0x0000000000021ea1                rpl_has_joined
                0x0000000000021ec6                rpl_is_reachable
                0x0000000000021f47                rpl_reset_prefix
                0x0000000000021fb1                rpl_set_prefix_from_addr
                0x0000000000022096                rpl_set_prefix
                0x00000000000221b0                rpl_set_leaf_only
                0x00000000000221c8                rpl_get_leaf_only
 .text          0x00000000000221d4     0x138c build/cooja/mtype539.a(rpl-icmp6.o)
                0x00000000000222f9                rpl_icmp6_update_nbr_table
                0x0000000000022382                rpl_icmp6_dis_output
                0x00000000000229c8                rpl_icmp6_dio_output
                0x00000000000231c6                rpl_icmp6_dao_output
                0x00000000000234a7                rpl_icmp6_dao_ack_output
                0x0000000000023517                rpl_icmp6_init
 .text          0x0000000000023560      0x264 build/cooja/mtype539.a(rpl-dag-root.o)
                0x0000000000023560                rpl_dag_root_print_links
                0x000000000002368c                rpl_dag_root_set_prefix
                0x00000000000236b8                rpl_dag_root_start
                0x0000000000023795                rpl_dag_root_is_root
 .text          0x00000000000237c4       0x30 build/cooja/mtype539.a(watchdog.o)
                0x00000000000237c4                watchdog_init
                0x00000000000237ca                watchdog_start
                0x00000000000237d0                watchdog_periodic
                0x00000000000237e8                watchdog_stop
                0x00000000000237ee                watchdog_reboot
 .text          0x00000000000237f4       0x4a build/cooja/mtype539.a(int-master.o)
                0x00000000000237f4                int_master_enable
                0x0000000000023804                int_master_read_and_disable
                0x0000000000023821                int_master_status_set
                0x000000000002382f                int_master_is_enabled
 .text          0x000000000002383e      0x226 build/cooja/mtype539.a(coap-timer-defa)
 .text          0x0000000000023a64       0xc7 build/cooja/mtype539.a(stimer.o)
                0x0000000000023a64                stimer_set
                0x0000000000023a82                stimer_reset
                0x0000000000023aaf                stimer_restart
                0x0000000000023ac4                stimer_expired
                0x0000000000023aef                stimer_remaining
                0x0000000000023b13                stimer_elapsed
 .text          0x0000000000023b2b      0x156 build/cooja/mtype539.a(ringbuf.o)
                0x0000000000023b2b                ringbuf_init
                0x0000000000023b5d                ringbuf_put
                0x0000000000023bdb                ringbuf_get
                0x0000000000023c48                ringbuf_size
                0x0000000000023c5a                ringbuf_elements
 .text          0x0000000000023c81       0x1f build/cooja/mtype539.a(assert.o)
                0x0000000000023c81                _xassert
 .text          0x0000000000023ca0      0x79b build/cooja/mtype539.a(nbr-table.o)
                0x0000000000024119                nbr_table_register
                0x0000000000024186                nbr_table_is_registered
                0x00000000000241c1                nbr_table_head
                0x000000000002421c                nbr_table_next
                0x000000000002427d                nbr_table_add_lladdr
                0x0000000000024357                nbr_table_get_from_lladdr
                0x00000000000243a3                nbr_table_remove
                0x00000000000243db                nbr_table_lock
                0x00000000000243f5                nbr_table_unlock
                0x000000000002440f                nbr_table_get_lladdr
 .text          0x000000000002443b      0x3a5 build/cooja/mtype539.a(link-stats.o)
                0x000000000002443b                link_stats_from_lladdr
                0x0000000000024457                link_stats_get_lladdr
                0x0000000000024473                link_stats_is_fresh
                0x00000000000244af                guess_etx_from_rssi
                0x000000000002452b                link_stats_packet_sent
                0x000000000002464b                link_stats_input_callback
                0x000000000002475b                link_stats_reset
                0x00000000000247ab                link_stats_init
 .text          0x00000000000247e0      0x187 build/cooja/mtype539.a(mac-sequence.o)
                0x00000000000247e0                mac_sequence_is_duplicate
                0x0000000000024880                mac_sequence_register_seqno
 .text          0x0000000000024967       0x23 build/cooja/mtype539.a(mac.o)
                0x0000000000024967                mac_call_sent_callback
 .text          0x000000000002498a      0x432 build/cooja/mtype539.a(framer-802154.o)
                0x0000000000024b19                framer_802154_setup_params
 .text          0x0000000000024dbc      0xb6f build/cooja/mtype539.a(frame802154.o)
                0x0000000000024ded                frame802154_get_pan_id
                0x0000000000024df9                frame802154_set_pan_id
                0x0000000000024e13                frame802154_has_panid
                0x0000000000024fc2                frame802154_check_dest_panid
                0x000000000002504a                frame802154_is_broadcast_addr
                0x0000000000025097                frame802154_extract_linkaddr
                0x00000000000252fc                frame802154_hdrlen
                0x000000000002536f                frame802154_create_fcf
                0x0000000000025427                frame802154_create
                0x000000000002559c                frame802154_parse_fcf
                0x000000000002567e                frame802154_parse
 .text          0x000000000002592b       0x2d build/cooja/mtype539.a(csma-security.o)
                0x000000000002592b                csma_security_create_frame
                0x0000000000025949                csma_security_parse_frame
 .text          0x0000000000025958      0x4e4 build/cooja/mtype539.a(uipbuf.o)
                0x0000000000025958                uipbuf_clear
                0x000000000002597f                uipbuf_add_ext_hdr
                0x00000000000259ff                uipbuf_set_len
                0x0000000000025a2c                uipbuf_set_len_field
                0x0000000000025a58                uipbuf_get_len_field
                0x0000000000025a78                uipbuf_get_next_header
                0x0000000000025baa                uipbuf_get_last_header
                0x0000000000025c23                uipbuf_search_header
                0x0000000000025cd9                uipbuf_get_attr
                0x0000000000025d00                uipbuf_set_attr
                0x0000000000025d37                uipbuf_set_default_attr
                0x0000000000025d6e                uipbuf_clear_attr
                0x0000000000025d92                uipbuf_set_attr_flag
                0x0000000000025db3                uipbuf_clr_attr_flag
                0x0000000000025dda                uipbuf_is_attr_flag
                0x0000000000025dfe                uipbuf_init
 .text          0x0000000000025e3c      0x73f build/cooja/mtype539.a(uip-icmp6.o)
                0x0000000000025eb1                uip_icmp6_input
                0x0000000000025f08                uip_icmp6_register_input_handler
                0x000000000002605b                uip_icmp6_error_output
                0x000000000002630c                uip_icmp6_send
                0x0000000000026503                uip_icmp6_echo_reply_callback_add
                0x0000000000026535                uip_icmp6_echo_reply_callback_rm
                0x0000000000026552                uip_icmp6_init
 .text          0x000000000002657b      0x69b build/cooja/mtype539.a(uip-sr.o)
                0x000000000002657b                uip_sr_num_nodes
                0x0000000000026609                uip_sr_get_node
                0x0000000000026660                uip_sr_is_addr_reachable
                0x000000000002670e                uip_sr_expire_parent
                0x0000000000026757                uip_sr_update_node
                0x0000000000026887                uip_sr_init
                0x00000000000268bb                uip_sr_node_head
                0x00000000000268d4                uip_sr_node_next
                0x00000000000268ea                uip_sr_periodic
                0x00000000000269f0                uip_sr_free_all
                0x0000000000026a60                uip_sr_link_snprint
 .text          0x0000000000026c16      0x146 build/cooja/mtype539.a(uip-packetqueue)
                0x0000000000026c44                uip_packetqueue_new
                0x0000000000026c53                uip_packetqueue_alloc
                0x0000000000026cae                uip_packetqueue_free
                0x0000000000026cf5                uip_packetqueue_buf
                0x0000000000026d12                uip_packetqueue_buflen
                0x0000000000026d33                uip_packetqueue_set_buflen
 .text          0x0000000000026d5c      0x1b0 build/cooja/mtype539.a(rpl-nbr-policy.)
                0x0000000000026ec9                rpl_nbr_policy_find_removable
 .text          0x0000000000026f0c      0x915 build/cooja/mtype539.a(rpl-neighbor.o)
                0x0000000000026f88                rpl_neighbor_snprint
                0x000000000002723b                rpl_neighbor_print_list
                0x00000000000272f0                rpl_neighbor_count
                0x0000000000027397                rpl_neighbor_get_from_lladdr
                0x00000000000273b3                rpl_neighbor_is_acceptable_parent
                0x00000000000273e7                rpl_neighbor_get_link_metric
                0x000000000002741b                rpl_neighbor_rank_via_nbr
                0x000000000002744f                rpl_neighbor_get_lladdr
                0x000000000002746b                rpl_neighbor_get_ipaddr
                0x0000000000027492                rpl_neighbor_get_link_stats
                0x00000000000274b9                rpl_neighbor_is_fresh
                0x00000000000274e0                rpl_neighbor_is_reachable
                0x000000000002752b                rpl_neighbor_is_parent
                0x0000000000027555                rpl_neighbor_set_preferred_parent
                0x00000000000275ec                rpl_neighbor_remove_all
                0x0000000000027648                rpl_neighbor_get_from_ipaddr
                0x0000000000027756                rpl_neighbor_select_best
                0x0000000000027802                rpl_neighbor_init
 .text          0x0000000000027821      0xe69 build/cooja/mtype539.a(rpl-dag.o)
                0x0000000000027821                rpl_dag_state_to_str
                0x0000000000027860                rpl_dag_get_root_ipaddr
                0x00000000000278a8                rpl_dag_leave
                0x0000000000027931                rpl_dag_poison_and_leave
                0x0000000000027949                rpl_dag_periodic
                0x00000000000279d1                rpl_is_addr_in_our_dag
                0x0000000000027a15                rpl_get_default_instance
                0x0000000000027a31                rpl_get_any_dag
                0x0000000000027a8a                rpl_refresh_routes
                0x0000000000027aca                rpl_global_repair
                0x0000000000027b63                rpl_local_repair
                0x0000000000027bad                rpl_dag_ready_to_advertise
                0x0000000000027bf0                rpl_dag_update_state
                0x000000000002831d                rpl_process_dio
                0x000000000002839b                rpl_process_dis
                0x00000000000283e0                rpl_process_dao
                0x000000000002846f                rpl_process_dao_ack
                0x0000000000028506                rpl_process_hbh
                0x0000000000028556                rpl_dag_init_root
                0x000000000002866a                rpl_dag_init
 .text          0x000000000002868a      0x9e7 build/cooja/mtype539.a(rpl-timers.o)
                0x000000000002868a                rpl_timers_schedule_periodic_dis
                0x00000000000287d8                rpl_timers_dio_reset
                0x00000000000288e6                rpl_timers_schedule_unicast_dio
                0x0000000000028a3a                rpl_timers_schedule_dao
                0x0000000000028af9                rpl_timers_schedule_dao_ack
                0x0000000000028b7f                rpl_timers_notify_dao_ack
                0x0000000000028bdd                get_probing_delay
                0x0000000000028c11                get_probing_target
                0x0000000000028dfb                rpl_schedule_probing
                0x0000000000028e29                rpl_schedule_probing_now
                0x0000000000028e93                rpl_timers_unschedule_leaving
                0x0000000000028ecb                rpl_timers_schedule_leaving
                0x0000000000028f0c                rpl_timers_init
                0x0000000000028f9c                rpl_timers_stop_dag_timers
                0x0000000000029015                rpl_timers_unschedule_state_update
                0x0000000000029039                rpl_timers_schedule_state_update
 .text          0x0000000000029071      0xb8e build/cooja/mtype539.a(rpl-ext-header.)
                0x0000000000029071                rpl_ext_header_srh_get_next_hop
                0x0000000000029158                rpl_ext_header_srh_update
                0x00000000000296c4                rpl_ext_header_hbh_update
                0x00000000000299c4                rpl_ext_header_update
                0x0000000000029a4d                rpl_ext_header_remove
 .text          0x0000000000029bff      0x31b build/cooja/mtype539.a(rpl-mrhof.o)
 *fill*         0x0000000000029f1a        0x6 
 .text          0x0000000000029f20      0x122 /usr/lib/gcc/i686-linux-gnu/5/libgcc.a(_udivdi3.o)
                0x0000000000029f20                __udivdi3
 .text          0x000000000002a042        0x0 /usr/lib/gcc/i686-linux-gnu/5/crtendS.o
 .text          0x000000000002a042        0x0 /usr/lib/gcc/i686-linux-gnu/5/../../../i386-linux-gnu/crtn.o
 *(.gnu.warning)

.fini           0x000000000002a044       0x14
 *(SORT(.fini))
 .fini          0x000000000002a044        0xf /usr/lib/gcc/i686-linux-gnu/5/../../../i386-linux-gnu/crti.o
                0x000000000002a044                _fini
 .fini          0x000000000002a053        0x5 /usr/lib/gcc/i686-linux-gnu/5/../../../i386-linux-gnu/crtn.o
                [!provide]                        PROVIDE (__etext, .)
                [!provide]                        PROVIDE (_etext, .)
                [!provide]                        PROVIDE (etext, .)

.rodata         0x000000000002a060      0xc4b
 *(.rodata .rodata.* .gnu.linkonce.r.*)
 .rodata        0x000000000002a060       0xb1 device.o
                0x000000000002a068                autostart_processes
 *fill*         0x000000000002a111        0x3 
 .rodata        0x000000000002a114        0x8 build/cooja/mtype539.a(beep.o)
                0x000000000002a114                beep_interface
 .rodata        0x000000000002a11c        0xe build/cooja/mtype539.a(leds-arch.o)
                0x000000000002a11c                leds_interface
                0x000000000002a124                leds_arch_leds
 *fill*         0x000000000002a12a        0x2 
 .rodata        0x000000000002a12c        0x8 build/cooja/mtype539.a(moteid.o)
                0x000000000002a12c                moteid_interface
 .rodata        0x000000000002a134       0x1c build/cooja/mtype539.a(pir-sensor.o)
                0x000000000002a134                pir_interface
                0x000000000002a140                pir_sensor
 .rodata        0x000000000002a150        0xe build/cooja/mtype539.a(rs232.o)
                0x000000000002a150                rs232_interface
 *fill*         0x000000000002a15e        0x2 
 .rodata        0x000000000002a160       0x24 build/cooja/mtype539.a(vib-sensor.o)
                0x000000000002a160                vib_interface
                0x000000000002a174                vib_sensor
 .rodata        0x000000000002a184        0x8 build/cooja/mtype539.a(clock.o)
                0x000000000002a184                clock_interface
 .rodata        0x000000000002a18c        0x8 build/cooja/mtype539.a(cooja-log.o)
                0x000000000002a18c                simlog_interface
 .rodata        0x000000000002a194       0x2f build/cooja/mtype539.a(cfs-cooja.o)
                0x000000000002a194                cfs_interface
 *fill*         0x000000000002a1c3       0x1d 
 .rodata        0x000000000002a1e0       0xb8 build/cooja/mtype539.a(cooja-radio.o)
                0x000000000002a1e0                radio_interface
                0x000000000002a260                cooja_radio_driver
 .rodata        0x000000000002a298        0x8 build/cooja/mtype539.a(eeprom.o)
                0x000000000002a298                eeprom_interface
 .rodata        0x000000000002a2a0        0x8 build/cooja/mtype539.a(sensors.o)
 .rodata        0x000000000002a2a8       0x2c build/cooja/mtype539.a(buttons.o)
                0x000000000002a2a8                button_interface
                0x000000000002a2bc                button_hal_button_count
                0x000000000002a2c4                button_sensor
 .rodata        0x000000000002a2d4      0x135 build/cooja/mtype539.a(cooling.o)
 *fill*         0x000000000002a409        0x3 
 .rodata        0x000000000002a40c       0xed build/cooja/mtype539.a(thermostat.o)
 .rodata        0x000000000002a4f9       0x41 build/cooja/mtype539.a(coap-engine.o)
 .rodata        0x000000000002a53a       0x19 build/cooja/mtype539.a(coap-res-well-k)
 .rodata        0x000000000002a553       0x11 build/cooja/mtype539.a(coap-observe.o)
 .rodata        0x000000000002a564       0x35 build/cooja/mtype539.a(coap-uip.o)
 *fill*         0x000000000002a599        0x3 
 .rodata        0x000000000002a59c      0x1ac build/cooja/mtype539.a(coap.o)
 .rodata        0x000000000002a748       0xf4 build/cooja/mtype539.a(contiki-main.o)
 .rodata        0x000000000002a83c        0xf build/cooja/mtype539.a(ctimer.o)
 *fill*         0x000000000002a84b        0x1 
 .rodata        0x000000000002a84c       0xc4 build/cooja/mtype539.a(log.o)
 .rodata        0x000000000002a910        0xc build/cooja/mtype539.a(etimer.o)
 .rodata        0x000000000002a91c       0x13 build/cooja/mtype539.a(button-hal.o)
 .rodata        0x000000000002a92f        0xe build/cooja/mtype539.a(serial-line.o)
 *fill*         0x000000000002a93d        0x3 
 .rodata        0x000000000002a940        0x8 build/cooja/mtype539.a(linkaddr.o)
                0x000000000002a940                linkaddr_null
 .rodata        0x000000000002a948       0x24 build/cooja/mtype539.a(csma.o)
                0x000000000002a950                csma_driver
 .rodata        0x000000000002a96c       0x27 build/cooja/mtype539.a(csma-output.o)
 *fill*         0x000000000002a993        0x1 
 .rodata        0x000000000002a994       0x4d build/cooja/mtype539.a(uip-ds6-route.o)
 .rodata        0x000000000002a9e1        0xd build/cooja/mtype539.a(tcpip.o)
 *fill*         0x000000000002a9ee        0x2 
 .rodata        0x000000000002a9f0       0x30 build/cooja/mtype539.a(sicslowpan.o)
                0x000000000002a9f0                unc_llconf
                0x000000000002a9f4                unc_ctxconf
                0x000000000002a9f8                unc_mxconf
                0x000000000002a9fc                llprefix
                0x000000000002aa10                sicslowpan_driver
 .rodata        0x000000000002aa20       0x2d build/cooja/mtype539.a(uiplib.o)
 *fill*         0x000000000002aa4d       0x13 
 .rodata        0x000000000002aa60       0x74 build/cooja/mtype539.a(rpl.o)
                0x000000000002aa80                rpl_lite_driver
 .rodata        0x000000000002aad4       0x20 build/cooja/mtype539.a(coap-timer-defa)
                0x000000000002aae8                coap_timer_default_driver
 .rodata        0x000000000002aaf4       0x25 build/cooja/mtype539.a(assert.o)
 *fill*         0x000000000002ab19        0x3 
 .rodata        0x000000000002ab1c        0xc build/cooja/mtype539.a(framer-802154.o)
                0x000000000002ab1c                framer_802154
 .rodata        0x000000000002ab28       0x44 build/cooja/mtype539.a(uip-sr.o)
 .rodata        0x000000000002ab6c       0x58 build/cooja/mtype539.a(rpl-neighbor.o)
 .rodata        0x000000000002abc4       0xdb build/cooja/mtype539.a(rpl-dag.o)
 .rodata        0x000000000002ac9f        0xc build/cooja/mtype539.a(rpl-timers.o)

.rodata1
 *(.rodata1)

.eh_frame_hdr   0x000000000002acac     0x19ec
 *(.eh_frame_hdr)
 .eh_frame_hdr  0x000000000002acac     0x19ec device.o
                0x000000000002acac                __GNU_EH_FRAME_HDR
 *(.eh_frame_entry .eh_frame_entry.*)

.eh_frame       0x000000000002c698     0x6928
 *(.eh_frame)
 .eh_frame      0x000000000002c698       0x3c /usr/lib/gcc/i686-linux-gnu/5/../../../i386-linux-gnu/crti.o
                                         0x40 (size before relaxing)
 .eh_frame      0x000000000002c6d4       0x40 device.o
                                         0x58 (size before relaxing)
 .eh_frame      0x000000000002c714      0x178 build/cooja/mtype539.o
                                        0x190 (size before relaxing)
 .eh_frame      0x000000000002c88c       0x40 build/cooja/mtype539.a(simEnvChange.o)
                                         0x58 (size before relaxing)
 .eh_frame      0x000000000002c8cc       0x60 build/cooja/mtype539.a(cooja_mt.o)
                                         0x78 (size before relaxing)
 .eh_frame      0x000000000002c92c       0x80 build/cooja/mtype539.a(cooja_mtarch.o)
                                         0x98 (size before relaxing)
 .eh_frame      0x000000000002c9ac       0xc8 build/cooja/mtype539.a(rtimer-arch.o)
                                         0xe0 (size before relaxing)
 .eh_frame      0x000000000002ca74      0x160 build/cooja/mtype539.a(beep.o)
                                        0x178 (size before relaxing)
 .eh_frame      0x000000000002cbd4       0x80 build/cooja/mtype539.a(leds-arch.o)
                                         0x98 (size before relaxing)
 .eh_frame      0x000000000002cc54       0x40 build/cooja/mtype539.a(moteid.o)
                                         0x58 (size before relaxing)
 .eh_frame      0x000000000002cc94       0xa0 build/cooja/mtype539.a(pir-sensor.o)
                                         0xb8 (size before relaxing)
 .eh_frame      0x000000000002cd34      0x100 build/cooja/mtype539.a(rs232.o)
                                        0x118 (size before relaxing)
 .eh_frame      0x000000000002ce34       0xa0 build/cooja/mtype539.a(vib-sensor.o)
                                         0xb8 (size before relaxing)
 .eh_frame      0x000000000002ced4       0xc0 build/cooja/mtype539.a(clock.o)
                                         0xd8 (size before relaxing)
 .eh_frame      0x000000000002cf94      0x120 build/cooja/mtype539.a(cooja-log.o)
                                        0x138 (size before relaxing)
 .eh_frame      0x000000000002d0b4      0x160 build/cooja/mtype539.a(cfs-cooja.o)
                                        0x178 (size before relaxing)
 .eh_frame      0x000000000002d214      0x340 build/cooja/mtype539.a(cooja-radio.o)
                                        0x358 (size before relaxing)
 .eh_frame      0x000000000002d554       0xa0 build/cooja/mtype539.a(eeprom.o)
                                         0xb8 (size before relaxing)
 .eh_frame      0x000000000002d5f4       0x40 build/cooja/mtype539.a(random.o)
                                         0x58 (size before relaxing)
 .eh_frame      0x000000000002d634       0xc0 build/cooja/mtype539.a(sensors.o)
                                         0xd8 (size before relaxing)
 .eh_frame      0x000000000002d6f4      0x120 build/cooja/mtype539.a(leds.o)
                                        0x138 (size before relaxing)
 .eh_frame      0x000000000002d814      0x220 build/cooja/mtype539.a(gpio-hal-arch.o)
                                        0x238 (size before relaxing)
 .eh_frame      0x000000000002da34       0xa0 build/cooja/mtype539.a(buttons.o)
                                         0xb8 (size before relaxing)
 .eh_frame      0x000000000002dad4       0x40 build/cooja/mtype539.a(cooling.o)
                                         0x58 (size before relaxing)
 .eh_frame      0x000000000002db14       0x60 build/cooja/mtype539.a(thermostat.o)
                                         0x78 (size before relaxing)
 .eh_frame      0x000000000002db74       0x44 build/cooja/mtype539.a(coap-blocking-a)
                                         0x5c (size before relaxing)
 .eh_frame      0x000000000002dbb8      0x220 build/cooja/mtype539.a(coap-engine.o)
                                        0x238 (size before relaxing)
 .eh_frame      0x000000000002ddd8       0x24 build/cooja/mtype539.a(coap-res-well-k)
                                         0x3c (size before relaxing)
 .eh_frame      0x000000000002ddfc      0x188 build/cooja/mtype539.a(coap-observe.o)
                                        0x1a0 (size before relaxing)
 .eh_frame      0x000000000002df84      0x250 build/cooja/mtype539.a(coap-uip.o)
                                        0x268 (size before relaxing)
 .eh_frame      0x000000000002e1d4      0x114 build/cooja/mtype539.a(coap-timer.o)
                                        0x12c (size before relaxing)
 .eh_frame      0x000000000002e2e8      0x100 build/cooja/mtype539.a(coap-transactio)
                                        0x118 (size before relaxing)
 .eh_frame      0x000000000002e3e8      0x6ec build/cooja/mtype539.a(coap.o)
                                        0x704 (size before relaxing)
 .eh_frame      0x000000000002ead4       0x30 build/cooja/mtype539.a(contiki-main.o)
                                         0x48 (size before relaxing)
 .eh_frame      0x000000000002eb04       0x40 build/cooja/mtype539.a(autostart.o)
                                         0x58 (size before relaxing)
 .eh_frame      0x000000000002eb44      0x100 build/cooja/mtype539.a(ctimer.o)
                                        0x118 (size before relaxing)
 .eh_frame      0x000000000002ec44      0x100 build/cooja/mtype539.a(log.o)
                                        0x118 (size before relaxing)
 .eh_frame      0x000000000002ed44       0x60 build/cooja/mtype539.a(energest.o)
                                         0x78 (size before relaxing)
 .eh_frame      0x000000000002eda4      0x1e0 build/cooja/mtype539.a(etimer.o)
                                        0x1f8 (size before relaxing)
 .eh_frame      0x000000000002ef84       0x20 build/cooja/mtype539.a(node-id.o)
                                         0x38 (size before relaxing)
 .eh_frame      0x000000000002efa4       0x60 build/cooja/mtype539.a(rtimer.o)
                                         0x78 (size before relaxing)
 .eh_frame      0x000000000002f004      0x1c4 build/cooja/mtype539.a(process.o)
                                        0x1dc (size before relaxing)
 .eh_frame      0x000000000002f1c8       0xa4 build/cooja/mtype539.a(timer.o)
                                         0xbc (size before relaxing)
 .eh_frame      0x000000000002f26c      0x1a0 build/cooja/mtype539.a(list.o)
                                        0x1b8 (size before relaxing)
 .eh_frame      0x000000000002f40c       0xa0 build/cooja/mtype539.a(memb.o)
                                         0xb8 (size before relaxing)
 .eh_frame      0x000000000002f4ac      0x144 build/cooja/mtype539.a(button-hal.o)
                                        0x15c (size before relaxing)
 .eh_frame      0x000000000002f5f0       0x60 build/cooja/mtype539.a(serial-line.o)
                                         0x78 (size before relaxing)
 .eh_frame      0x000000000002f650       0xe0 build/cooja/mtype539.a(gpio-hal.o)
                                         0xf8 (size before relaxing)
 .eh_frame      0x000000000002f730      0x1a0 build/cooja/mtype539.a(queuebuf.o)
                                        0x1b8 (size before relaxing)
 .eh_frame      0x000000000002f8d0      0x28c build/cooja/mtype539.a(packetbuf.o)
                                        0x2a4 (size before relaxing)
 .eh_frame      0x000000000002fb5c       0x80 build/cooja/mtype539.a(netstack.o)
                                         0x98 (size before relaxing)
 .eh_frame      0x000000000002fbdc       0x60 build/cooja/mtype539.a(linkaddr.o)
                                         0x78 (size before relaxing)
 .eh_frame      0x000000000002fc3c       0xe0 build/cooja/mtype539.a(csma.o)
                                         0xf8 (size before relaxing)
 .eh_frame      0x000000000002fd1c      0x1d0 build/cooja/mtype539.a(csma-output.o)
                                        0x1e8 (size before relaxing)
 .eh_frame      0x000000000002feec      0x328 build/cooja/mtype539.a(uip-ds6.o)
                                        0x340 (size before relaxing)
 .eh_frame      0x0000000000030214       0x40 build/cooja/mtype539.a(uip-udp-packet.)
                                         0x58 (size before relaxing)
 .eh_frame      0x0000000000030254      0x220 build/cooja/mtype539.a(uip-ds6-route.o)
                                        0x238 (size before relaxing)
 .eh_frame      0x0000000000030474      0x244 build/cooja/mtype539.a(tcpip.o)
                                        0x25c (size before relaxing)
 .eh_frame      0x00000000000306b8      0x1e8 build/cooja/mtype539.a(uip6.o)
                                        0x200 (size before relaxing)
 .eh_frame      0x00000000000308a0      0x1c0 build/cooja/mtype539.a(uip-ds6-nbr.o)
                                        0x1d8 (size before relaxing)
 .eh_frame      0x0000000000030a60       0x84 build/cooja/mtype539.a(uip-nd6.o)
                                         0x9c (size before relaxing)
 .eh_frame      0x0000000000030ae4      0x2f8 build/cooja/mtype539.a(sicslowpan.o)
                                        0x310 (size before relaxing)
 .eh_frame      0x0000000000030ddc       0x88 build/cooja/mtype539.a(uiplib.o)
                                         0xa0 (size before relaxing)
 .eh_frame      0x0000000000030e64      0x1e0 build/cooja/mtype539.a(rpl.o)
                                        0x1f8 (size before relaxing)
 .eh_frame      0x0000000000031044      0x1c4 build/cooja/mtype539.a(rpl-icmp6.o)
                                        0x1dc (size before relaxing)
 .eh_frame      0x0000000000031208       0xa0 build/cooja/mtype539.a(rpl-dag-root.o)
                                         0xb8 (size before relaxing)
 .eh_frame      0x00000000000312a8       0xa0 build/cooja/mtype539.a(watchdog.o)
                                         0xb8 (size before relaxing)
 .eh_frame      0x0000000000031348       0x80 build/cooja/mtype539.a(int-master.o)
                                         0x98 (size before relaxing)
 .eh_frame      0x00000000000313c8       0xa4 build/cooja/mtype539.a(coap-timer-defa)
                                         0xbc (size before relaxing)
 .eh_frame      0x000000000003146c       0xc4 build/cooja/mtype539.a(stimer.o)
                                         0xdc (size before relaxing)
 .eh_frame      0x0000000000031530       0xa0 build/cooja/mtype539.a(ringbuf.o)
                                         0xb8 (size before relaxing)
 .eh_frame      0x00000000000315d0       0x20 build/cooja/mtype539.a(assert.o)
                                         0x38 (size before relaxing)
 .eh_frame      0x00000000000315f0      0x2ac build/cooja/mtype539.a(nbr-table.o)
                                        0x2c4 (size before relaxing)
 .eh_frame      0x000000000003189c      0x120 build/cooja/mtype539.a(link-stats.o)
                                        0x138 (size before relaxing)
 .eh_frame      0x00000000000319bc       0x48 build/cooja/mtype539.a(mac-sequence.o)
                                         0x60 (size before relaxing)
 .eh_frame      0x0000000000031a04       0x20 build/cooja/mtype539.a(mac.o)
                                         0x38 (size before relaxing)
 .eh_frame      0x0000000000031a24       0xa4 build/cooja/mtype539.a(framer-802154.o)
                                         0xbc (size before relaxing)
 .eh_frame      0x0000000000031ac8      0x1a4 build/cooja/mtype539.a(frame802154.o)
                                        0x1bc (size before relaxing)
 .eh_frame      0x0000000000031c6c       0x40 build/cooja/mtype539.a(csma-security.o)
                                         0x58 (size before relaxing)
 .eh_frame      0x0000000000031cac      0x200 build/cooja/mtype539.a(uipbuf.o)
                                        0x218 (size before relaxing)
 .eh_frame      0x0000000000031eac      0x150 build/cooja/mtype539.a(uip-icmp6.o)
                                        0x168 (size before relaxing)
 .eh_frame      0x0000000000031ffc      0x184 build/cooja/mtype539.a(uip-sr.o)
                                        0x19c (size before relaxing)
 .eh_frame      0x0000000000032180       0xe0 build/cooja/mtype539.a(uip-packetqueue)
                                         0xf8 (size before relaxing)
 .eh_frame      0x0000000000032260       0x80 build/cooja/mtype539.a(rpl-nbr-policy.)
                                         0x98 (size before relaxing)
 .eh_frame      0x00000000000322e0      0x2d4 build/cooja/mtype539.a(rpl-neighbor.o)
                                        0x2ec (size before relaxing)
 .eh_frame      0x00000000000325b4      0x370 build/cooja/mtype539.a(rpl-dag.o)
                                        0x388 (size before relaxing)
 .eh_frame      0x0000000000032924      0x3a8 build/cooja/mtype539.a(rpl-timers.o)
                                        0x3c0 (size before relaxing)
 .eh_frame      0x0000000000032ccc      0x124 build/cooja/mtype539.a(rpl-ext-header.)
                                        0x13c (size before relaxing)
 .eh_frame      0x0000000000032df0      0x148 build/cooja/mtype539.a(rpl-mrhof.o)
                                        0x160 (size before relaxing)
 .eh_frame      0x0000000000032f38       0x84 /usr/lib/gcc/i686-linux-gnu/5/libgcc.a(_udivdi3.o)
                                         0x9c (size before relaxing)
 .eh_frame      0x0000000000032fbc        0x4 /usr/lib/gcc/i686-linux-gnu/5/crtendS.o
 *(.eh_frame.*)

.gcc_except_table
 *(.gcc_except_table .gcc_except_table.*)

.gnu_extab
 *(.gnu_extab*)

.exception_ranges
 *(.exception_ranges .exception_ranges*)
                0x0000000000034f10                . = DATA_SEGMENT_ALIGN (0x1000, 0x1000)

.eh_frame
 *(.eh_frame)
 *(.eh_frame.*)

.gnu_extab
 *(.gnu_extab)

.gcc_except_table
 *(.gcc_except_table .gcc_except_table.*)

.exception_ranges
 *(.exception_ranges .exception_ranges*)

.tdata
 *(.tdata .tdata.* .gnu.linkonce.td.*)

.tbss
 *(.tbss .tbss.* .gnu.linkonce.tb.*)
 *(.tcommon)

.preinit_array
 *(.preinit_array)

.init_array     0x0000000000034f10        0x4
 *(SORT(.init_array.*) SORT(.ctors.*))
 *(.init_array EXCLUDE_FILE(*crtend?.o *crtend.o *crtbegin?.o *crtbegin.o) .ctors)
 .init_array    0x0000000000034f10        0x4 /usr/lib/gcc/i686-linux-gnu/5/crtbeginS.o

.fini_array     0x0000000000034f14        0x4
 *(SORT(.fini_array.*) SORT(.dtors.*))
 *(.fini_array EXCLUDE_FILE(*crtend?.o *crtend.o *crtbegin?.o *crtbegin.o) .dtors)
 .fini_array    0x0000000000034f14        0x4 /usr/lib/gcc/i686-linux-gnu/5/crtbeginS.o

.ctors
 *crtbegin.o(.ctors)
 *crtbegin?.o(.ctors)
 *(EXCLUDE_FILE(*crtend?.o *crtend.o) .ctors)
 *(SORT(.ctors.*))
 *(.ctors)

.dtors
 *crtbegin.o(.dtors)
 *crtbegin?.o(.dtors)
 *(EXCLUDE_FILE(*crtend?.o *crtend.o) .dtors)
 *(SORT(.dtors.*))
 *(.dtors)

.jcr            0x0000000000034f18        0x4
 *(.jcr)
 .jcr           0x0000000000034f18        0x0 /usr/lib/gcc/i686-linux-gnu/5/crtbeginS.o
 .jcr           0x0000000000034f18        0x4 /usr/lib/gcc/i686-linux-gnu/5/crtendS.o

.data.rel.ro
 *(.data.rel.ro.local* .gnu.linkonce.d.rel.ro.local.*)
 *(.data.rel.ro .data.rel.ro.* .gnu.linkonce.d.rel.ro.*)

.dynamic        0x0000000000034f1c       0xd0
 *(.dynamic)
 .dynamic       0x0000000000034f1c       0xd0 /usr/lib/gcc/i686-linux-gnu/5/../../../i386-linux-gnu/crti.o
                0x0000000000034f1c                _DYNAMIC

.got            0x0000000000034fec       0x14
 *(.got)
 .got           0x0000000000034fec       0x14 /usr/lib/gcc/i686-linux-gnu/5/../../../i386-linux-gnu/crti.o
 *(.igot)
                0x0000000000035ff4                . = DATA_SEGMENT_RELRO_END (., (SIZEOF (.got.plt) >= 0xc)?0xc:0x0)

.got.plt        0x0000000000035000        0xc
 *(.got.plt)
 .got.plt       0x0000000000035000        0xc /usr/lib/gcc/i686-linux-gnu/5/../../../i386-linux-gnu/crti.o
                0x0000000000035000                _GLOBAL_OFFSET_TABLE_
 *(.igot.plt)

.data           0x0000000000035020      0x4a4
 *(.data .data.* .gnu.linkonce.d.*)
 .data          0x0000000000035020        0x0 /usr/lib/gcc/i686-linux-gnu/5/../../../i386-linux-gnu/crti.o
 .data          0x0000000000035020        0x0 /usr/lib/gcc/i686-linux-gnu/5/crtbeginS.o
 .data.rel.local
                0x0000000000035020        0x4 /usr/lib/gcc/i686-linux-gnu/5/crtbeginS.o
                0x0000000000035020                __dso_handle
 .data          0x0000000000035024       0x10 device.o
                0x0000000000035024                node_process
 *fill*         0x0000000000035034        0xc 
 .data          0x0000000000035040       0x44 build/cooja/mtype539.o
                0x0000000000035040                simInterfaces
                0x0000000000035074                sensors
 .data          0x0000000000035084        0x0 build/cooja/mtype539.a(simEnvChange.o)
 .data          0x0000000000035084        0x0 build/cooja/mtype539.a(cooja_mt.o)
 .data          0x0000000000035084        0x0 build/cooja/mtype539.a(cooja_mtarch.o)
 .data          0x0000000000035084        0x0 build/cooja/mtype539.a(rtimer-arch.o)
 .data          0x0000000000035084        0x0 build/cooja/mtype539.a(beep.o)
 .data          0x0000000000035084        0x0 build/cooja/mtype539.a(leds-arch.o)
 .data          0x0000000000035084        0x0 build/cooja/mtype539.a(moteid.o)
 .data          0x0000000000035084        0x0 build/cooja/mtype539.a(pir-sensor.o)
 .data          0x0000000000035084        0x0 build/cooja/mtype539.a(rs232.o)
 .data          0x0000000000035084        0x0 build/cooja/mtype539.a(vib-sensor.o)
 .data          0x0000000000035084        0x0 build/cooja/mtype539.a(clock.o)
 .data          0x0000000000035084        0x0 build/cooja/mtype539.a(cooja-log.o)
 .data          0x0000000000035084        0x0 build/cooja/mtype539.a(cfs-cooja.o)
 .data          0x0000000000035084       0x2c build/cooja/mtype539.a(cooja-radio.o)
                0x0000000000035084                simRadioHWOn
                0x0000000000035088                simSignalStrength
                0x000000000003508c                simLastSignalStrength
                0x0000000000035090                simPower
                0x0000000000035094                simRadioChannel
                0x0000000000035098                simLQI
                0x00000000000350a0                cooja_radio_process
 .data          0x00000000000350b0        0x0 build/cooja/mtype539.a(eeprom.o)
 .data          0x00000000000350b0        0x0 build/cooja/mtype539.a(random.o)
 .data          0x00000000000350b0       0x10 build/cooja/mtype539.a(sensors.o)
                0x00000000000350b0                sensors_process
 .data          0x00000000000350c0        0x0 build/cooja/mtype539.a(leds.o)
 .data          0x00000000000350c0        0x0 build/cooja/mtype539.a(gpio-hal-arch.o)
 .data          0x00000000000350c0       0x78 build/cooja/mtype539.a(buttons.o)
                0x00000000000350c0                simButtonIsActive
                0x0000000000035130                button_hal_buttons
 *fill*         0x0000000000035138        0x8 
 .data          0x0000000000035140       0x24 build/cooja/mtype539.a(cooling.o)
                0x0000000000035140                cooling
 *fill*         0x0000000000035164       0x1c 
 .data          0x0000000000035180       0x44 build/cooja/mtype539.a(thermostat.o)
                0x00000000000351a0                thermostat
 .data          0x00000000000351c4        0x0 build/cooja/mtype539.a(coap-blocking-a)
 .data          0x00000000000351c4        0x8 build/cooja/mtype539.a(coap-engine.o)
 *fill*         0x00000000000351cc       0x14 
 .data          0x00000000000351e0       0x24 build/cooja/mtype539.a(coap-res-well-k)
                0x00000000000351e0                res_well_known_core
 .data          0x0000000000035204       0x10 build/cooja/mtype539.a(coap-observe.o)
 .data          0x0000000000035214       0x10 build/cooja/mtype539.a(coap-uip.o)
                0x0000000000035214                coap_engine
 .data          0x0000000000035224        0x4 build/cooja/mtype539.a(coap-timer.o)
 .data          0x0000000000035228       0x10 build/cooja/mtype539.a(coap-transactio)
 .data          0x0000000000035238        0x4 build/cooja/mtype539.a(coap.o)
                0x0000000000035238                coap_error_message
 .data          0x000000000003523c        0x0 build/cooja/mtype539.a(contiki-main.o)
 .data          0x000000000003523c        0x0 build/cooja/mtype539.a(autostart.o)
 .data          0x000000000003523c       0x14 build/cooja/mtype539.a(ctimer.o)
                0x0000000000035240                ctimer_process
 *fill*         0x0000000000035250       0x10 
 .data          0x0000000000035260       0xbc build/cooja/mtype539.a(log.o)
                0x0000000000035260                curr_log_level_main
                0x0000000000035280                all_modules
 .data          0x000000000003531c        0x0 build/cooja/mtype539.a(energest.o)
 .data          0x000000000003531c       0x10 build/cooja/mtype539.a(etimer.o)
                0x000000000003531c                etimer_process
 .data          0x000000000003532c        0x0 build/cooja/mtype539.a(node-id.o)
 .data          0x000000000003532c        0x0 build/cooja/mtype539.a(rtimer.o)
 .data          0x000000000003532c        0x0 build/cooja/mtype539.a(process.o)
 .data          0x000000000003532c        0x0 build/cooja/mtype539.a(timer.o)
 .data          0x000000000003532c        0x0 build/cooja/mtype539.a(list.o)
 .data          0x000000000003532c        0x0 build/cooja/mtype539.a(memb.o)
 .data          0x000000000003532c       0x10 build/cooja/mtype539.a(button-hal.o)
                0x000000000003532c                button_hal_process
 .data          0x000000000003533c       0x10 build/cooja/mtype539.a(serial-line.o)
                0x000000000003533c                serial_line_process
 .data          0x000000000003534c        0x4 build/cooja/mtype539.a(gpio-hal.o)
 .data          0x0000000000035350       0x18 build/cooja/mtype539.a(queuebuf.o)
 .data          0x0000000000035368        0x4 build/cooja/mtype539.a(packetbuf.o)
 .data          0x000000000003536c        0x4 build/cooja/mtype539.a(netstack.o)
 .data          0x0000000000035370        0x0 build/cooja/mtype539.a(linkaddr.o)
 .data          0x0000000000035370        0x0 build/cooja/mtype539.a(csma.o)
 .data          0x0000000000035370       0x28 build/cooja/mtype539.a(csma-output.o)
 .data          0x0000000000035398        0x0 build/cooja/mtype539.a(uip-ds6.o)
 .data          0x0000000000035398        0x0 build/cooja/mtype539.a(uip-udp-packet.)
 .data          0x0000000000035398       0x10 build/cooja/mtype539.a(uip-ds6-route.o)
 .data          0x00000000000353a8       0x10 build/cooja/mtype539.a(tcpip.o)
                0x00000000000353a8                tcpip_process
 .data          0x00000000000353b8        0x0 build/cooja/mtype539.a(uip6.o)
 .data          0x00000000000353b8       0x14 build/cooja/mtype539.a(uip-ds6-nbr.o)
 .data          0x00000000000353cc        0xc build/cooja/mtype539.a(uip-nd6.o)
 .data          0x00000000000353d8        0x0 build/cooja/mtype539.a(sicslowpan.o)
 .data          0x00000000000353d8        0x0 build/cooja/mtype539.a(uiplib.o)
 .data          0x00000000000353d8        0x0 build/cooja/mtype539.a(rpl.o)
 .data          0x00000000000353d8       0x30 build/cooja/mtype539.a(rpl-icmp6.o)
 .data          0x0000000000035408        0x0 build/cooja/mtype539.a(rpl-dag-root.o)
 .data          0x0000000000035408        0x0 build/cooja/mtype539.a(watchdog.o)
 .data          0x0000000000035408        0x0 build/cooja/mtype539.a(int-master.o)
 .data          0x0000000000035408       0x10 build/cooja/mtype539.a(coap-timer-defa)
                0x0000000000035408                coap_timer_process
 .data          0x0000000000035418        0x0 build/cooja/mtype539.a(stimer.o)
 .data          0x0000000000035418        0x0 build/cooja/mtype539.a(ringbuf.o)
 .data          0x0000000000035418        0x0 build/cooja/mtype539.a(assert.o)
 .data          0x0000000000035418       0x10 build/cooja/mtype539.a(nbr-table.o)
 .data          0x0000000000035428       0x14 build/cooja/mtype539.a(link-stats.o)
 .data          0x000000000003543c        0x0 build/cooja/mtype539.a(mac-sequence.o)
 .data          0x000000000003543c        0x0 build/cooja/mtype539.a(mac.o)
 .data          0x000000000003543c        0x0 build/cooja/mtype539.a(framer-802154.o)
 .data          0x000000000003543c        0x2 build/cooja/mtype539.a(frame802154.o)
 .data          0x000000000003543e        0x0 build/cooja/mtype539.a(csma-security.o)
 .data          0x000000000003543e        0x0 build/cooja/mtype539.a(uipbuf.o)
 *fill*         0x000000000003543e        0x2 
 .data          0x0000000000035440       0x20 build/cooja/mtype539.a(uip-icmp6.o)
 .data          0x0000000000035460       0x10 build/cooja/mtype539.a(uip-sr.o)
 .data          0x0000000000035470        0xc build/cooja/mtype539.a(uip-packetqueue)
 .data          0x000000000003547c        0x0 build/cooja/mtype539.a(rpl-nbr-policy.)
 .data          0x000000000003547c       0x14 build/cooja/mtype539.a(rpl-neighbor.o)
                0x000000000003548c                rpl_neighbors
 .data          0x0000000000035490        0x0 build/cooja/mtype539.a(rpl-dag.o)
 .data          0x0000000000035490        0x0 build/cooja/mtype539.a(rpl-timers.o)
 .data          0x0000000000035490        0x0 build/cooja/mtype539.a(rpl-ext-header.)
 *fill*         0x0000000000035490       0x10 
 .data          0x00000000000354a0       0x24 build/cooja/mtype539.a(rpl-mrhof.o)
                0x00000000000354a0                rpl_mrhof
 .data          0x00000000000354c4        0x0 /usr/lib/gcc/i686-linux-gnu/5/libgcc.a(_udivdi3.o)
 .data          0x00000000000354c4        0x0 /usr/lib/gcc/i686-linux-gnu/5/crtendS.o
 .data          0x00000000000354c4        0x0 /usr/lib/gcc/i686-linux-gnu/5/../../../i386-linux-gnu/crtn.o

.tm_clone_table
                0x00000000000354c4        0x0
 .tm_clone_table
                0x00000000000354c4        0x0 /usr/lib/gcc/i686-linux-gnu/5/crtbeginS.o
 .tm_clone_table
                0x00000000000354c4        0x0 /usr/lib/gcc/i686-linux-gnu/5/crtendS.o

.data1
 *(.data1)
                0x00000000000354c4                _edata = .
                [!provide]                        PROVIDE (edata, .)
                0x00000000000354c4                . = .
                0x00000000000354c4                __bss_start = .

.bss            0x00000000000354e0    0x13fc4
 *(.dynbss)
 .dynbss        0x00000000000354e0        0x0 /usr/lib/gcc/i686-linux-gnu/5/../../../i386-linux-gnu/crti.o
 *(.bss .bss.* .gnu.linkonce.b.*)
 .bss           0x00000000000354e0        0x0 /usr/lib/gcc/i686-linux-gnu/5/../../../i386-linux-gnu/crti.o
 .bss           0x00000000000354e0        0x1 /usr/lib/gcc/i686-linux-gnu/5/crtbeginS.o
 *fill*         0x00000000000354e1       0x1f 
 .bss           0x0000000000035500      0x16c device.o
                0x0000000000035500                registered
 *fill*         0x000000000003566c       0x14 
 .bss           0x0000000000035680     0x2030 build/cooja/mtype539.o
 .bss           0x00000000000376b0        0x1 build/cooja/mtype539.a(simEnvChange.o)
                0x00000000000376b0                simDontFallAsleep
 *fill*         0x00000000000376b1        0x3 
 .bss           0x00000000000376b4        0x4 build/cooja/mtype539.a(cooja_mt.o)
 .bss           0x00000000000376b8        0x4 build/cooja/mtype539.a(cooja_mtarch.o)
 .bss           0x00000000000376bc        0x0 build/cooja/mtype539.a(rtimer-arch.o)
 .bss           0x00000000000376bc        0x0 build/cooja/mtype539.a(beep.o)
 .bss           0x00000000000376bc        0x1 build/cooja/mtype539.a(leds-arch.o)
                0x00000000000376bc                simLedsValue
 .bss           0x00000000000376bd        0x0 build/cooja/mtype539.a(moteid.o)
 .bss           0x00000000000376bd        0x1 build/cooja/mtype539.a(pir-sensor.o)
                0x00000000000376bd                simPirValue
 *fill*         0x00000000000376be        0x2 
 .bss           0x00000000000376c0        0x4 build/cooja/mtype539.a(rs232.o)
 .bss           0x00000000000376c4        0x1 build/cooja/mtype539.a(vib-sensor.o)
                0x00000000000376c4                simVibValue
 .bss           0x00000000000376c5        0x0 build/cooja/mtype539.a(clock.o)
 *fill*         0x00000000000376c5       0x1b 
 .bss           0x00000000000376e0     0x2020 build/cooja/mtype539.a(cooja-log.o)
 .bss           0x0000000000039700      0xfc0 build/cooja/mtype539.a(cfs-cooja.o)
                0x0000000000039700                simCFSData
                0x000000000003a6a0                simCFSSize
                0x000000000003a6a4                simCFSChanged
                0x000000000003a6a8                simCFSRead
                0x000000000003a6ac                simCFSWritten
 .bss           0x000000000003a6c0       0x24 build/cooja/mtype539.a(cooja-radio.o)
                0x000000000003a6c0                simReceiving
                0x000000000003a6c4                simInSize
                0x000000000003a6c8                simLastPacketTimestamp
                0x000000000003a6d0                simOutSize
 .bss           0x000000000003a6e4        0xc build/cooja/mtype539.a(eeprom.o)
                0x000000000003a6e4                simEEPROMChanged
                0x000000000003a6e8                simEEPROMRead
                0x000000000003a6ec                simEEPROMWritten
 .bss           0x000000000003a6f0        0x0 build/cooja/mtype539.a(random.o)
 .bss           0x000000000003a6f0        0xc build/cooja/mtype539.a(sensors.o)
 .bss           0x000000000003a6fc        0x0 build/cooja/mtype539.a(leds.o)
 .bss           0x000000000003a6fc       0x24 build/cooja/mtype539.a(gpio-hal-arch.o)
 .bss           0x000000000003a720        0x0 build/cooja/mtype539.a(buttons.o)
 .bss           0x000000000003a720        0x1 build/cooja/mtype539.a(cooling.o)
                0x000000000003a720                state
 *fill*         0x000000000003a721        0x3 
 .bss           0x000000000003a724        0x4 build/cooja/mtype539.a(thermostat.o)
 .bss           0x000000000003a728        0x0 build/cooja/mtype539.a(coap-blocking-a)
 *fill*         0x000000000003a728       0x18 
 .bss           0x000000000003a740      0x190 build/cooja/mtype539.a(coap-engine.o)
 .bss           0x000000000003a8d0        0x0 build/cooja/mtype539.a(coap-res-well-k)
 *fill*         0x000000000003a8d0       0x10 
 .bss           0x000000000003a8e0      0x120 build/cooja/mtype539.a(coap-observe.o)
 .bss           0x000000000003aa00       0x18 build/cooja/mtype539.a(coap-uip.o)
 .bss           0x000000000003aa18        0x5 build/cooja/mtype539.a(coap-timer.o)
 *fill*         0x000000000003aa1d        0x3 
 .bss           0x000000000003aa20      0x334 build/cooja/mtype539.a(coap-transactio)
 .bss           0x000000000003ad54        0x6 build/cooja/mtype539.a(coap.o)
                0x000000000003ad54                coap_status_code
 .bss           0x000000000003ad5a        0x0 build/cooja/mtype539.a(contiki-main.o)
 .bss           0x000000000003ad5a        0x0 build/cooja/mtype539.a(autostart.o)
 *fill*         0x000000000003ad5a        0x2 
 .bss           0x000000000003ad5c        0x5 build/cooja/mtype539.a(ctimer.o)
 *fill*         0x000000000003ad61        0x3 
 .bss           0x000000000003ad64       0x2c build/cooja/mtype539.a(log.o)
                0x000000000003ad64                curr_log_level_rpl
                0x000000000003ad68                curr_log_level_tcpip
                0x000000000003ad6c                curr_log_level_ipv6
                0x000000000003ad70                curr_log_level_6lowpan
                0x000000000003ad74                curr_log_level_nullnet
                0x000000000003ad78                curr_log_level_mac
                0x000000000003ad7c                curr_log_level_framer
                0x000000000003ad80                curr_log_level_6top
                0x000000000003ad84                curr_log_level_coap
                0x000000000003ad88                curr_log_level_snmp
                0x000000000003ad8c                curr_log_level_lwm2m
 .bss           0x000000000003ad90        0x0 build/cooja/mtype539.a(energest.o)
 .bss           0x000000000003ad90        0x8 build/cooja/mtype539.a(etimer.o)
 .bss           0x000000000003ad98        0x2 build/cooja/mtype539.a(node-id.o)
                0x000000000003ad98                node_id
 *fill*         0x000000000003ad9a        0x2 
 .bss           0x000000000003ad9c        0x4 build/cooja/mtype539.a(rtimer.o)
 .bss           0x000000000003ada0      0x1a1 build/cooja/mtype539.a(process.o)
                0x000000000003ada0                process_list
                0x000000000003ada4                process_current
 .bss           0x000000000003af41        0x0 build/cooja/mtype539.a(timer.o)
 .bss           0x000000000003af41        0x0 build/cooja/mtype539.a(list.o)
 .bss           0x000000000003af41        0x0 build/cooja/mtype539.a(memb.o)
 *fill*         0x000000000003af41        0x3 
 .bss           0x000000000003af44       0x10 build/cooja/mtype539.a(button-hal.o)
 *fill*         0x000000000003af54        0xc 
 .bss           0x000000000003af60      0x140 build/cooja/mtype539.a(serial-line.o)
 .bss           0x000000000003b0a0        0x4 build/cooja/mtype539.a(gpio-hal.o)
 *fill*         0x000000000003b0a4       0x1c 
 .bss           0x000000000003b0c0     0x2c80 build/cooja/mtype539.a(queuebuf.o)
 .bss           0x000000000003dd40       0xa0 build/cooja/mtype539.a(packetbuf.o)
 .bss           0x000000000003dde0        0x4 build/cooja/mtype539.a(netstack.o)
 .bss           0x000000000003dde4        0x0 build/cooja/mtype539.a(linkaddr.o)
 .bss           0x000000000003dde4        0x0 build/cooja/mtype539.a(csma.o)
 *fill*         0x000000000003dde4       0x1c 
 .bss           0x000000000003de00      0x726 build/cooja/mtype539.a(csma-output.o)
 *fill*         0x000000000003e526        0x2 
 .bss           0x000000000003e528       0x30 build/cooja/mtype539.a(uip-ds6.o)
 .bss           0x000000000003e558        0x0 build/cooja/mtype539.a(uip-udp-packet.)
 *fill*         0x000000000003e558        0x8 
 .bss           0x000000000003e560       0x60 build/cooja/mtype539.a(uip-ds6-route.o)
 .bss           0x000000000003e5c0       0x10 build/cooja/mtype539.a(tcpip.o)
 .bss           0x000000000003e5d0        0x8 build/cooja/mtype539.a(uip6.o)
                0x000000000003e5d0                uip_ext_bitmap
                0x000000000003e5d2                uip_ext_len